==========================================
SLURM_CLUSTER_NAME = param-shivay
SLURM_ARRAY_JOB_ID = 
SLURM_ARRAY_TASK_ID = 
SLURM_ARRAY_TASK_COUNT = 
SLURM_ARRAY_TASK_MAX = 
SLURM_ARRAY_TASK_MIN = 
SLURM_JOB_ACCOUNT = mechanical_engg
SLURM_JOB_ID = 1155738
SLURM_JOB_NAME = eeg-train
SLURM_JOB_NODELIST = gpu006
SLURM_JOB_USER = suyash.kumar.mec22.itbhu
SLURM_JOB_UID = 6339
SLURM_JOB_PARTITION = gpu
SLURM_TASK_PID = 14469
SLURM_SUBMIT_DIR = /scratch/suyash.kumar.mec22.itbhu/EEG-AAD/eeg-aad-challenge2026-task1-baselines-master
SLURM_CPUS_ON_NODE = 8
SLURM_NTASKS = 
SLURM_TASK_PID = 14469
==========================================
Current device is cuda
Setting all seeds to 42 for reproducibility...
All seeds set successfully!
start time: task1_AAD_MM-AAD_original_ssl_2025-10-12-18-34-21
============================================================================================================
Arguments =
	_action_groups: [<argparse._ArgumentGroup object at 0x7f3a70be73a0>, <argparse._ArgumentGroup object at 0x7f3a70be7310>]
	_actions: [_HelpAction(option_strings=['-h', '--help'], dest='help', nargs=0, const=None, default='==SUPPRESS==', type=None, choices=None, required=False, help='show this help message and exit', metavar=None)]
	_defaults: {}
	_has_negative_number_optionals: []
	_mutually_exclusive_groups: []
	_negative_number_matcher: re.compile('^-\\d+$|^-\\d*\\.\\d+$')
	_option_string_actions: {'-h': _HelpAction(option_strings=['-h', '--help'], dest='help', nargs=0, const=None, default='==SUPPRESS==', type=None, choices=None, required=False, help='show this help message and exit', metavar=None), '--help': _HelpAction(option_strings=['-h', '--help'], dest='help', nargs=0, const=None, default='==SUPPRESS==', type=None, choices=None, required=False, help='show this help message and exit', metavar=None)}
	_optionals: <argparse._ArgumentGroup object at 0x7f3a70be7310>
	_positionals: <argparse._ArgumentGroup object at 0x7f3a70be73a0>
	_registries: {'action': {None: <class 'argparse._StoreAction'>, 'store': <class 'argparse._StoreAction'>, 'store_const': <class 'argparse._StoreConstAction'>, 'store_true': <class 'argparse._StoreTrueAction'>, 'store_false': <class 'argparse._StoreFalseAction'>, 'append': <class 'argparse._AppendAction'>, 'append_const': <class 'argparse._AppendConstAction'>, 'count': <class 'argparse._CountAction'>, 'help': <class 'argparse._HelpAction'>, 'version': <class 'argparse._VersionAction'>, 'parsers': <class 'argparse._SubParsersAction'>, 'extend': <class 'argparse._ExtendAction'>}, 'type': {None: <function ArgumentParser.__init__.<locals>.identity at 0x7f39a96fb550>}}
	_subparsers: None
	add_help: True
	allow_abbrev: True
	alpha: 0.99
	argument_default: None
	batch_size: 128
	beta1: 0.9
	beta2: 0.999
	conflict_handler: error
	data_path: /home/suyash.kumar.mec22.itbhu/EEG-AAD_audio_visual/preprocessed/data/
	dataset: MM-AAD
	description: None
	eeg_channel: 32
	epilog: None
	exit_on_error: True
	fig_path: ./exps/cross-subject/DARNet_SSL_FullDARNet/figures/
	formatter_class: <class 'argparse.HelpFormatter'>
	fromfile_prefix_chars: None
	fs: 128
	label_path: /home/suyash.kumar.mec22.itbhu/EEG-AAD_audio_visual/preprocessed/label/
	lam: 0.2
	log_interval: 10
	lr: 0.0005
	lr_decayrate: 0.5
	max_epoch: 100
	model: DARNet_SSL_FullDARNet
	model_save_path: ./exps/cross-subject/DARNet_SSL_FullDARNet/baseline_task1_AAD_MM-AAD_original_ssl_2025-10-12-18-34-21/
	momentum: 0.9
	optimizer: AdamW
	overlap: 0.5
	patience: 10
	prefix_chars: -
	prog: trainer.py
	seed: 42
	ssl_approach: full_darnet
	ssl_enabled: True
	ssl_epochs: 5
	ssl_lr: 0.001
	ssl_model_save_path: ./exps/cross-subject/DARNet_SSL_FullDARNet/ssl_models_task1_AAD_MM-AAD_original_ssl_2025-10-12-18-34-21/
	start_time: task1_AAD_MM-AAD_original_ssl_2025-10-12-18-34-21
	subject_number: 40
	trail_number: 20
	usage: None
	weight_decay: 0.0003
	win_len: 128
	win_time: 1
	window_lap: 64.0
============================================================================================================

========== Fold 1 ==========
Train IDs: [6, 7, 8, 9, 10, 11, 12, 13, 14, 15, 16, 17, 18, 19, 20, 21, 22, 23, 24, 25, 26, 27, 28, 29, 30]
Val IDs:   [1, 2, 3, 4, 5]
================================================================================
SSL PRE-TRAINING PHASE
================================================================================
Loading SSL data for subjects: [6, 7, 8, 9, 10, 11, 12, 13, 14, 15, 16, 17, 18, 19, 20, 21, 22, 23, 24, 25, 26, 27, 28, 29, 30]
Loaded subject S6: (6580, 32, 128)
Loaded subject S7: (6580, 32, 128)
Loaded subject S8: (6580, 32, 128)
Loaded subject S9: (6580, 32, 128)
Loaded subject S10: (6580, 32, 128)
Loaded subject S11: (6580, 32, 128)
Loaded subject S12: (6580, 32, 128)
Loaded subject S13: (6580, 32, 128)
Loaded subject S14: (6580, 32, 128)
Loaded subject S15: (6580, 32, 128)
Loaded subject S16: (6580, 32, 128)
Loaded subject S17: (6580, 32, 128)
Loaded subject S18: (6580, 32, 128)
Loaded subject S19: (6580, 32, 128)
Loaded subject S20: (6580, 32, 128)
Loaded subject S21: (6580, 32, 128)
Loaded subject S22: (6580, 32, 128)
Loaded subject S23: (6580, 32, 128)
Loaded subject S24: (6580, 32, 128)
Loaded subject S25: (6580, 32, 128)
Loaded subject S26: (6580, 32, 128)
Loaded subject S27: (6580, 32, 128)
Loaded subject S28: (6580, 32, 128)
Loaded subject S29: (6580, 32, 128)
Loaded subject S30: (6580, 32, 128)
Total SSL data shape: (164500, 32, 128)
🏗️  SSL Model Architecture:
   - SSL Enabled: True
   - SSL Approach: full_darnet
   - Training Mode: ssl
   - Decoder Type: EEGFullDARNetDecoder
   - Encoder parameters: 36,888
   - Decoder parameters: 4,388,192
   - Total parameters: 4,425,098
   - Decoder/Total ratio: 99.2%
==================================================
Starting SSL Pre-training
==================================================
=================================================================
Layer (type:depth-idx)                   Param #
=================================================================
DARNet                                   --
├─TokenEmbeddingOriginal: 1-1            --
│    └─Sequential: 2-1                   --
│    │    └─Conv2d: 3-1                  576
│    │    └─BatchNorm2d: 3-2             128
│    │    └─GELU: 3-3                    --
│    └─Sequential: 2-2                   --
│    │    └─Conv2d: 3-4                  32,784
│    │    └─BatchNorm2d: 3-5             32
│    │    └─GELU: 3-6                    --
│    └─PositionalEmbedding: 2-3          --
├─EEGFullDARNetDecoder: 1-2              --
│    └─Sequential: 2-4                   --
│    │    └─Linear: 3-7                  2,304
│    │    └─ReLU: 3-8                    --
│    │    └─Dropout: 3-9                 --
│    │    └─Linear: 3-10                 131,584
│    │    └─ReLU: 3-11                   --
│    │    └─Dropout: 3-12                --
│    │    └─Linear: 3-13                 4,202,496
│    └─Sequential: 2-5                   --
│    │    └─Conv1d: 3-14                 24,704
│    │    └─BatchNorm1d: 3-15            256
│    │    └─ReLU: 3-16                   --
│    │    └─Dropout: 3-17                --
│    └─Sequential: 2-6                   --
│    │    └─Conv1d: 3-18                 24,640
│    │    └─BatchNorm1d: 3-19            128
│    │    └─ReLU: 3-20                   --
│    │    └─Dropout: 3-21                --
│    └─Conv1d: 2-7                       2,080
├─Flatten: 1-3                           --
├─Linear: 1-4                            18
├─AttnRefine: 1-5                        --
│    └─MyAttention: 2-8                  --
│    │    └─Attention: 3-22              800
│    └─Refine: 2-9                       --
│    │    └─Conv1d: 3-23                 784
│    │    └─BatchNorm1d: 3-24            32
│    │    └─ELU: 3-25                    --
│    │    └─MaxPool1d: 3-26              --
│    └─AdaptiveAvgPool1d: 2-10           --
│    └─Linear: 2-11                      68
│    └─Flatten: 2-12                     --
├─AttnRefine: 1-6                        --
│    └─MyAttention: 2-13                 --
│    │    └─Attention: 3-27              800
│    └─Refine: 2-14                      --
│    │    └─Conv1d: 3-28                 784
│    │    └─BatchNorm1d: 3-29            32
│    │    └─ELU: 3-30                    --
│    │    └─MaxPool1d: 3-31              --
│    └─AdaptiveAvgPool1d: 2-15           --
│    └─Linear: 2-16                      68
│    └─Flatten: 2-17                     --
=================================================================
Total params: 4,425,098
Trainable params: 4,425,098
Non-trainable params: 0
=================================================================
SSL Epoch  1 | SSL Loss: 0.361673
SSL model saved at epoch 1 with loss 0.361673 to ./exps/cross-subject/DARNet_SSL_FullDARNet/ssl_models_task1_AAD_MM-AAD_original_ssl_2025-10-12-18-34-21/ssl_best_model.pt
SSL model saved with loss 0.361673
SSL Epoch  2 | SSL Loss: 0.250323
SSL model saved at epoch 2 with loss 0.250323 to ./exps/cross-subject/DARNet_SSL_FullDARNet/ssl_models_task1_AAD_MM-AAD_original_ssl_2025-10-12-18-34-21/ssl_best_model.pt
SSL model saved with loss 0.250323
SSL Epoch  3 | SSL Loss: 0.211990
SSL model saved at epoch 3 with loss 0.211990 to ./exps/cross-subject/DARNet_SSL_FullDARNet/ssl_models_task1_AAD_MM-AAD_original_ssl_2025-10-12-18-34-21/ssl_best_model.pt
SSL model saved with loss 0.211990
SSL Epoch  4 | SSL Loss: 0.195198
SSL model saved at epoch 4 with loss 0.195198 to ./exps/cross-subject/DARNet_SSL_FullDARNet/ssl_models_task1_AAD_MM-AAD_original_ssl_2025-10-12-18-34-21/ssl_best_model.pt
SSL model saved with loss 0.195198
SSL Epoch  5 | SSL Loss: 0.185149
SSL model saved at epoch 5 with loss 0.185149 to ./exps/cross-subject/DARNet_SSL_FullDARNet/ssl_models_task1_AAD_MM-AAD_original_ssl_2025-10-12-18-34-21/ssl_best_model.pt
SSL model saved with loss 0.185149
==================================================
SSL Pre-training completed. Best loss: 0.185149
==================================================
train_data_shape(164500, 32, 128),val_data_shape(32900, 32, 128)
🔄 Loading SSL pre-trained weights from: ./exps/cross-subject/DARNet_SSL_FullDARNet/ssl_models_task1_AAD_MM-AAD_original_ssl_2025-10-12-18-34-21/ssl_best_model.pt
📋 Available keys in SSL checkpoint: 67 total
  - token_embedding.embed_layer.0.weight: torch.Size([64, 1, 1, 8])
  - token_embedding.embed_layer.0.bias: torch.Size([64])
  - token_embedding.embed_layer.1.weight: torch.Size([64])
  - token_embedding.embed_layer.1.bias: torch.Size([64])
  - token_embedding.embed_layer.1.running_mean: torch.Size([64])
  - token_embedding.embed_layer.1.running_var: torch.Size([64])
  - token_embedding.embed_layer.1.num_batches_tracked: torch.Size([])
  - token_embedding.embed_layer2.0.weight: torch.Size([16, 64, 32, 1])
  - token_embedding.embed_layer2.0.bias: torch.Size([16])
  - token_embedding.embed_layer2.1.weight: torch.Size([16])
  - token_embedding.embed_layer2.1.bias: torch.Size([16])
  - token_embedding.embed_layer2.1.running_mean: torch.Size([16])
  - token_embedding.embed_layer2.1.running_var: torch.Size([16])
  - token_embedding.embed_layer2.1.num_batches_tracked: torch.Size([])
  - token_embedding.position_embedding.pe: torch.Size([1, 5000, 16])
  - ssl_decoder.feature_expand.0.weight: torch.Size([256, 8])
  - ssl_decoder.feature_expand.0.bias: torch.Size([256])
  - ssl_decoder.feature_expand.3.weight: torch.Size([512, 256])
  - ssl_decoder.feature_expand.3.bias: torch.Size([512])
  - ssl_decoder.feature_expand.6.weight: torch.Size([8192, 512])
  - ssl_decoder.feature_expand.6.bias: torch.Size([8192])
  - ssl_decoder.temporal_conv1.0.weight: torch.Size([128, 64, 3])
  - ssl_decoder.temporal_conv1.0.bias: torch.Size([128])
  - ssl_decoder.temporal_conv1.1.weight: torch.Size([128])
  - ssl_decoder.temporal_conv1.1.bias: torch.Size([128])
  - ssl_decoder.temporal_conv1.1.running_mean: torch.Size([128])
  - ssl_decoder.temporal_conv1.1.running_var: torch.Size([128])
  - ssl_decoder.temporal_conv1.1.num_batches_tracked: torch.Size([])
  - ssl_decoder.temporal_conv2.0.weight: torch.Size([64, 128, 3])
  - ssl_decoder.temporal_conv2.0.bias: torch.Size([64])
  - ssl_decoder.temporal_conv2.1.weight: torch.Size([64])
  - ssl_decoder.temporal_conv2.1.bias: torch.Size([64])
  - ssl_decoder.temporal_conv2.1.running_mean: torch.Size([64])
  - ssl_decoder.temporal_conv2.1.running_var: torch.Size([64])
  - ssl_decoder.temporal_conv2.1.num_batches_tracked: torch.Size([])
  - ssl_decoder.final_conv.weight: torch.Size([32, 64, 1])
  - ssl_decoder.final_conv.bias: torch.Size([32])
  - out.weight: torch.Size([2, 8])
  - out.bias: torch.Size([2])
  - stack1.attention.attention_layer.key.weight: torch.Size([16, 16])
  - stack1.attention.attention_layer.value.weight: torch.Size([16, 16])
  - stack1.attention.attention_layer.query.weight: torch.Size([16, 16])
  - stack1.attention.attention_layer.to_out.weight: torch.Size([16])
  - stack1.attention.attention_layer.to_out.bias: torch.Size([16])
  - stack1.conv_layer.downConv.weight: torch.Size([16, 16, 3])
  - stack1.conv_layer.downConv.bias: torch.Size([16])
  - stack1.conv_layer.norm.weight: torch.Size([16])
  - stack1.conv_layer.norm.bias: torch.Size([16])
  - stack1.conv_layer.norm.running_mean: torch.Size([16])
  - stack1.conv_layer.norm.running_var: torch.Size([16])
  - stack1.conv_layer.norm.num_batches_tracked: torch.Size([])
  - stack1.out.weight: torch.Size([4, 16])
  - stack1.out.bias: torch.Size([4])
  - stack2.attention.attention_layer.key.weight: torch.Size([16, 16])
  - stack2.attention.attention_layer.value.weight: torch.Size([16, 16])
  - stack2.attention.attention_layer.query.weight: torch.Size([16, 16])
  - stack2.attention.attention_layer.to_out.weight: torch.Size([16])
  - stack2.attention.attention_layer.to_out.bias: torch.Size([16])
  - stack2.conv_layer.downConv.weight: torch.Size([16, 16, 3])
  - stack2.conv_layer.downConv.bias: torch.Size([16])
  - stack2.conv_layer.norm.weight: torch.Size([16])
  - stack2.conv_layer.norm.bias: torch.Size([16])
  - stack2.conv_layer.norm.running_mean: torch.Size([16])
  - stack2.conv_layer.norm.running_var: torch.Size([16])
  - stack2.conv_layer.norm.num_batches_tracked: torch.Size([])
  - stack2.out.weight: torch.Size([4, 16])
  - stack2.out.bias: torch.Size([4])
🎯 SSL approach detected: full_darnet
  ✅ Loading: token_embedding.embed_layer.0.weight -> torch.Size([64, 1, 1, 8])
  ✅ Loading: token_embedding.embed_layer.0.bias -> torch.Size([64])
  ✅ Loading: token_embedding.embed_layer.1.weight -> torch.Size([64])
  ✅ Loading: token_embedding.embed_layer.1.bias -> torch.Size([64])
  ✅ Loading: token_embedding.embed_layer.1.running_mean -> torch.Size([64])
  ✅ Loading: token_embedding.embed_layer.1.running_var -> torch.Size([64])
  ✅ Loading: token_embedding.embed_layer.1.num_batches_tracked -> torch.Size([])
  ✅ Loading: token_embedding.embed_layer2.0.weight -> torch.Size([16, 64, 32, 1])
  ✅ Loading: token_embedding.embed_layer2.0.bias -> torch.Size([16])
  ✅ Loading: token_embedding.embed_layer2.1.weight -> torch.Size([16])
  ✅ Loading: token_embedding.embed_layer2.1.bias -> torch.Size([16])
  ✅ Loading: token_embedding.embed_layer2.1.running_mean -> torch.Size([16])
  ✅ Loading: token_embedding.embed_layer2.1.running_var -> torch.Size([16])
  ✅ Loading: token_embedding.embed_layer2.1.num_batches_tracked -> torch.Size([])
  ✅ Loading: token_embedding.position_embedding.pe -> torch.Size([1, 5000, 16])
  ❌ Skipping: ssl_decoder.feature_expand.0.weight (decoder component)
  ❌ Skipping: ssl_decoder.feature_expand.0.bias (decoder component)
  ❌ Skipping: ssl_decoder.feature_expand.3.weight (decoder component)
  ❌ Skipping: ssl_decoder.feature_expand.3.bias (decoder component)
  ❌ Skipping: ssl_decoder.feature_expand.6.weight (decoder component)
  ❌ Skipping: ssl_decoder.feature_expand.6.bias (decoder component)
  ❌ Skipping: ssl_decoder.temporal_conv1.0.weight (decoder component)
  ❌ Skipping: ssl_decoder.temporal_conv1.0.bias (decoder component)
  ❌ Skipping: ssl_decoder.temporal_conv1.1.weight (decoder component)
  ❌ Skipping: ssl_decoder.temporal_conv1.1.bias (decoder component)
  ❌ Skipping: ssl_decoder.temporal_conv1.1.running_mean (decoder component)
  ❌ Skipping: ssl_decoder.temporal_conv1.1.running_var (decoder component)
  ❌ Skipping: ssl_decoder.temporal_conv1.1.num_batches_tracked (decoder component)
  ❌ Skipping: ssl_decoder.temporal_conv2.0.weight (decoder component)
  ❌ Skipping: ssl_decoder.temporal_conv2.0.bias (decoder component)
  ❌ Skipping: ssl_decoder.temporal_conv2.1.weight (decoder component)
  ❌ Skipping: ssl_decoder.temporal_conv2.1.bias (decoder component)
  ❌ Skipping: ssl_decoder.temporal_conv2.1.running_mean (decoder component)
  ❌ Skipping: ssl_decoder.temporal_conv2.1.running_var (decoder component)
  ❌ Skipping: ssl_decoder.temporal_conv2.1.num_batches_tracked (decoder component)
  ❌ Skipping: ssl_decoder.final_conv.weight (decoder component)
  ❌ Skipping: ssl_decoder.final_conv.bias (decoder component)
  ❌ Skipping: out.weight (decoder component)
  ❌ Skipping: out.bias (decoder component)
  ✅ Loading: stack1.attention.attention_layer.key.weight -> torch.Size([16, 16])
  ✅ Loading: stack1.attention.attention_layer.value.weight -> torch.Size([16, 16])
  ✅ Loading: stack1.attention.attention_layer.query.weight -> torch.Size([16, 16])
  ✅ Loading: stack1.attention.attention_layer.to_out.weight -> torch.Size([16])
  ✅ Loading: stack1.attention.attention_layer.to_out.bias -> torch.Size([16])
  ✅ Loading: stack1.conv_layer.downConv.weight -> torch.Size([16, 16, 3])
  ✅ Loading: stack1.conv_layer.downConv.bias -> torch.Size([16])
  ✅ Loading: stack1.conv_layer.norm.weight -> torch.Size([16])
  ✅ Loading: stack1.conv_layer.norm.bias -> torch.Size([16])
  ✅ Loading: stack1.conv_layer.norm.running_mean -> torch.Size([16])
  ✅ Loading: stack1.conv_layer.norm.running_var -> torch.Size([16])
  ✅ Loading: stack1.conv_layer.norm.num_batches_tracked -> torch.Size([])
  ✅ Loading: stack1.out.weight -> torch.Size([4, 16])
  ✅ Loading: stack1.out.bias -> torch.Size([4])
  ✅ Loading: stack2.attention.attention_layer.key.weight -> torch.Size([16, 16])
  ✅ Loading: stack2.attention.attention_layer.value.weight -> torch.Size([16, 16])
  ✅ Loading: stack2.attention.attention_layer.query.weight -> torch.Size([16, 16])
  ✅ Loading: stack2.attention.attention_layer.to_out.weight -> torch.Size([16])
  ✅ Loading: stack2.attention.attention_layer.to_out.bias -> torch.Size([16])
  ✅ Loading: stack2.conv_layer.downConv.weight -> torch.Size([16, 16, 3])
  ✅ Loading: stack2.conv_layer.downConv.bias -> torch.Size([16])
  ✅ Loading: stack2.conv_layer.norm.weight -> torch.Size([16])
  ✅ Loading: stack2.conv_layer.norm.bias -> torch.Size([16])
  ✅ Loading: stack2.conv_layer.norm.running_mean -> torch.Size([16])
  ✅ Loading: stack2.conv_layer.norm.running_var -> torch.Size([16])
  ✅ Loading: stack2.conv_layer.norm.num_batches_tracked -> torch.Size([])
  ✅ Loading: stack2.out.weight -> torch.Size([4, 16])
  ✅ Loading: stack2.out.bias -> torch.Size([4])
🔧 Loading 43 encoder components into fine-tuning model...
⚠️  Missing keys (newly initialized): ['ssl_decoder.feature_expand.0.weight', 'ssl_decoder.feature_expand.0.bias', 'ssl_decoder.feature_expand.3.weight', 'ssl_decoder.feature_expand.3.bias', 'ssl_decoder.feature_expand.6.weight', 'ssl_decoder.feature_expand.6.bias', 'ssl_decoder.temporal_conv1.0.weight', 'ssl_decoder.temporal_conv1.0.bias', 'ssl_decoder.temporal_conv1.1.weight', 'ssl_decoder.temporal_conv1.1.bias', 'ssl_decoder.temporal_conv1.1.running_mean', 'ssl_decoder.temporal_conv1.1.running_var', 'ssl_decoder.temporal_conv2.0.weight', 'ssl_decoder.temporal_conv2.0.bias', 'ssl_decoder.temporal_conv2.1.weight', 'ssl_decoder.temporal_conv2.1.bias', 'ssl_decoder.temporal_conv2.1.running_mean', 'ssl_decoder.temporal_conv2.1.running_var', 'ssl_decoder.final_conv.weight', 'ssl_decoder.final_conv.bias', 'out.weight', 'out.bias']
✅ Successfully loaded SSL pre-trained weights!
🎯 SSL decoder removed, feature classifier ready for fine-tuning
==================================================
Starting Fine-tuning
==================================================
=================================================================
Layer (type:depth-idx)                   Param #
=================================================================
DARNet                                   --
├─TokenEmbeddingOriginal: 1-1            --
│    └─Sequential: 2-1                   --
│    │    └─Conv2d: 3-1                  576
│    │    └─BatchNorm2d: 3-2             128
│    │    └─GELU: 3-3                    --
│    └─Sequential: 2-2                   --
│    │    └─Conv2d: 3-4                  32,784
│    │    └─BatchNorm2d: 3-5             32
│    │    └─GELU: 3-6                    --
│    └─PositionalEmbedding: 2-3          --
├─EEGFullDARNetDecoder: 1-2              --
│    └─Sequential: 2-4                   --
│    │    └─Linear: 3-7                  2,304
│    │    └─ReLU: 3-8                    --
│    │    └─Dropout: 3-9                 --
│    │    └─Linear: 3-10                 131,584
│    │    └─ReLU: 3-11                   --
│    │    └─Dropout: 3-12                --
│    │    └─Linear: 3-13                 4,202,496
│    └─Sequential: 2-5                   --
│    │    └─Conv1d: 3-14                 24,704
│    │    └─BatchNorm1d: 3-15            256
│    │    └─ReLU: 3-16                   --
│    │    └─Dropout: 3-17                --
│    └─Sequential: 2-6                   --
│    │    └─Conv1d: 3-18                 24,640
│    │    └─BatchNorm1d: 3-19            128
│    │    └─ReLU: 3-20                   --
│    │    └─Dropout: 3-21                --
│    └─Conv1d: 2-7                       2,080
├─Flatten: 1-3                           --
├─Linear: 1-4                            18
├─AttnRefine: 1-5                        --
│    └─MyAttention: 2-8                  --
│    │    └─Attention: 3-22              800
│    └─Refine: 2-9                       --
│    │    └─Conv1d: 3-23                 784
│    │    └─BatchNorm1d: 3-24            32
│    │    └─ELU: 3-25                    --
│    │    └─MaxPool1d: 3-26              --
│    └─AdaptiveAvgPool1d: 2-10           --
│    └─Linear: 2-11                      68
│    └─Flatten: 2-12                     --
├─AttnRefine: 1-6                        --
│    └─MyAttention: 2-13                 --
│    │    └─Attention: 3-27              800
│    └─Refine: 2-14                      --
│    │    └─Conv1d: 3-28                 784
│    │    └─BatchNorm1d: 3-29            32
│    │    └─ELU: 3-30                    --
│    │    └─MaxPool1d: 3-31              --
│    └─AdaptiveAvgPool1d: 2-15           --
│    └─Linear: 2-16                      68
│    └─Flatten: 2-17                     --
=================================================================
Total params: 4,425,098
Trainable params: 4,425,098
Non-trainable params: 0
=================================================================
TestSub: S[1, 2, 3, 4, 5] Epoch  1 Finsh | Now_lr 0.0005/0.0005|Train Loss 0.5174 | Valid Loss 1.7084 | Train Acc 71.2050| Valid Acc 48.8722
Validation acc increase (0.000000 --> 48.872203) in epoch (1).  Saving model ...
TestSub: S[1, 2, 3, 4, 5] Epoch  2 Finsh | Now_lr 0.0005/0.0005|Train Loss 0.2936 | Valid Loss 2.1556 | Train Acc 86.8817| Valid Acc 51.8300
Validation acc increase (48.872203 --> 51.830010) in epoch (2).  Saving model ...
TestSub: S[1, 2, 3, 4, 5] Epoch  3 Finsh | Now_lr 0.0005/0.0005|Train Loss 0.2078 | Valid Loss 2.5355 | Train Acc 91.3296| Valid Acc 49.3130
TestSub: S[1, 2, 3, 4, 5] Epoch  4 Finsh | Now_lr 0.0005/0.0005|Train Loss 0.1632 | Valid Loss 2.6587 | Train Acc 93.4624| Valid Acc 49.9696
TestSub: S[1, 2, 3, 4, 5] Epoch  5 Finsh | Now_lr 0.0005/0.0005|Train Loss 0.1364 | Valid Loss 2.7477 | Train Acc 94.7057| Valid Acc 48.3068
TestSub: S[1, 2, 3, 4, 5] Epoch  6 Finsh | Now_lr 0.0005/0.0005|Train Loss 0.1135 | Valid Loss 3.0399 | Train Acc 95.6402| Valid Acc 47.2671
TestSub: S[1, 2, 3, 4, 5] Epoch  7 Finsh | Now_lr 0.0005/0.0005|Train Loss 0.1001 | Valid Loss 3.0321 | Train Acc 96.2470| Valid Acc 48.5135
TestSub: S[1, 2, 3, 4, 5] Epoch  8 Finsh | Now_lr 0.0005/0.0005|Train Loss 0.0871 | Valid Loss 3.2174 | Train Acc 96.7467| Valid Acc 48.0818
TestSub: S[1, 2, 3, 4, 5] Epoch  9 Finsh | Now_lr 0.0005/0.0005|Train Loss 0.0785 | Valid Loss 3.5134 | Train Acc 97.1504| Valid Acc 48.9452
TestSub: S[1, 2, 3, 4, 5] Epoch 10 Finsh | Now_lr 0.0005/0.0005|Train Loss 0.0720 | Valid Loss 3.4661 | Train Acc 97.3279| Valid Acc 48.8205
TestSub: S[1, 2, 3, 4, 5] Epoch 11 Finsh | Now_lr 0.0005/0.0005|Train Loss 0.0662 | Valid Loss 3.4679 | Train Acc 97.5961| Valid Acc 49.1762
TestSub: S[1, 2, 3, 4, 5] Epoch 12 Finsh | Now_lr 0.0005/0.0005|Train Loss 0.0590 | Valid Loss 3.4767 | Train Acc 97.8867| Valid Acc 49.8754
TestSub: S[1, 2, 3, 4, 5] Epoch 13 Finsh | Now_lr 0.0005/0.0005|Train Loss 0.0562 | Valid Loss 3.7038 | Train Acc 98.0381| Valid Acc 49.8571
TestSub: S[1, 2, 3, 4, 5] Epoch 14 Finsh | Now_lr 0.0005/0.0005|Train Loss 0.0518 | Valid Loss 3.7082 | Train Acc 98.1390| Valid Acc 50.9332
TestSub: S[1, 2, 3, 4, 5] Epoch 15 Finsh | Now_lr 0.0005/0.0005|Train Loss 0.0486 | Valid Loss 3.8821 | Train Acc 98.2296| Valid Acc 49.9605
TestSub: S[1, 2, 3, 4, 5] Epoch 16 Finsh | Now_lr 0.0005/0.0005|Train Loss 0.0466 | Valid Loss 3.8259 | Train Acc 98.3341| Valid Acc 49.4194
TestSub: S[1, 2, 3, 4, 5] Epoch 17 Finsh | Now_lr 0.0005/0.0005|Train Loss 0.0425 | Valid Loss 3.9357 | Train Acc 98.5019| Valid Acc 52.0732
Validation acc increase (51.830010 --> 52.073200) in epoch (17).  Saving model ...
TestSub: S[1, 2, 3, 4, 5] Epoch 18 Finsh | Now_lr 0.0005/0.0005|Train Loss 0.0414 | Valid Loss 3.6695 | Train Acc 98.5475| Valid Acc 52.7237
Validation acc increase (52.073200 --> 52.723735) in epoch (18).  Saving model ...
TestSub: S[1, 2, 3, 4, 5] Epoch 19 Finsh | Now_lr 0.0005/0.0005|Train Loss 0.0392 | Valid Loss 3.7788 | Train Acc 98.6466| Valid Acc 50.0638
TestSub: S[1, 2, 3, 4, 5] Epoch 20 Finsh | Now_lr 0.0005/0.0005|Train Loss 0.0369 | Valid Loss 3.8863 | Train Acc 98.7184| Valid Acc 49.3312
TestSub: S[1, 2, 3, 4, 5] Epoch 21 Finsh | Now_lr 0.0005/0.0005|Train Loss 0.0363 | Valid Loss 4.0182 | Train Acc 98.7263| Valid Acc 49.5440
TestSub: S[1, 2, 3, 4, 5] Epoch 22 Finsh | Now_lr 0.0005/0.0005|Train Loss 0.0347 | Valid Loss 3.8179 | Train Acc 98.7676| Valid Acc 50.4894
TestSub: S[1, 2, 3, 4, 5] Epoch 23 Finsh | Now_lr 0.0005/0.0005|Train Loss 0.0331 | Valid Loss 3.6322 | Train Acc 98.8424| Valid Acc 50.1155
TestSub: S[1, 2, 3, 4, 5] Epoch 24 Finsh | Now_lr 0.0005/0.0005|Train Loss 0.0308 | Valid Loss 3.8139 | Train Acc 98.9470| Valid Acc 50.2584
TestSub: S[1, 2, 3, 4, 5] Epoch 25 Finsh | Now_lr 0.0005/0.0005|Train Loss 0.0290 | Valid Loss 3.9310 | Train Acc 99.0017| Valid Acc 50.3709
TestSub: S[1, 2, 3, 4, 5] Epoch 26 Finsh | Now_lr 0.0005/0.0005|Train Loss 0.0295 | Valid Loss 3.7507 | Train Acc 98.9974| Valid Acc 50.0213
TestSub: S[1, 2, 3, 4, 5] Epoch 27 Finsh | Now_lr 0.0005/0.0005|Train Loss 0.0269 | Valid Loss 3.7526 | Train Acc 99.0771| Valid Acc 50.2402
TestSub: S[1, 2, 3, 4, 5] Epoch 28 Finsh | Now_lr 0.0005/0.0005|Train Loss 0.0265 | Valid Loss 3.8482 | Train Acc 99.1227| Valid Acc 50.6445
TestSub: S[1, 2, 3, 4, 5] Epoch 29 Finsh | Now_lr 0.0005/0.0005|Train Loss 0.0269 | Valid Loss 3.8420 | Train Acc 99.0826| Valid Acc 49.4163
TestSub: S[1, 2, 3, 4, 5] Epoch 30 Finsh | Now_lr 0.0005/0.0005|Train Loss 0.0245 | Valid Loss 4.0382 | Train Acc 99.1604| Valid Acc 50.9028
TestSub: S[1, 2, 3, 4, 5] Epoch 31 Finsh | Now_lr 0.0005/0.0005|Train Loss 0.0238 | Valid Loss 3.8553 | Train Acc 99.2096| Valid Acc 50.5411
TestSub: S[1, 2, 3, 4, 5] Epoch 32 Finsh | Now_lr 0.0005/0.0005|Train Loss 0.0237 | Valid Loss 3.9723 | Train Acc 99.1926| Valid Acc 51.6871
TestSub: S[1, 2, 3, 4, 5] Epoch 33 Finsh | Now_lr 0.0005/0.0005|Train Loss 0.0218 | Valid Loss 3.8413 | Train Acc 99.2382| Valid Acc 49.7082
TestSub: S[1, 2, 3, 4, 5] Epoch 34 Finsh | Now_lr 0.0005/0.0005|Train Loss 0.0217 | Valid Loss 3.9705 | Train Acc 99.2583| Valid Acc 50.0730
TestSub: S[1, 2, 3, 4, 5] Epoch 35 Finsh | Now_lr 0.0005/0.0005|Train Loss 0.0210 | Valid Loss 3.8349 | Train Acc 99.3014| Valid Acc 49.9514
TestSub: S[1, 2, 3, 4, 5] Epoch 36 Finsh | Now_lr 0.0005/0.0005|Train Loss 0.0205 | Valid Loss 4.1400 | Train Acc 99.3014| Valid Acc 49.3768
TestSub: S[1, 2, 3, 4, 5] Epoch 37 Finsh | Now_lr 0.0005/0.0005|Train Loss 0.0201 | Valid Loss 3.8554 | Train Acc 99.3270| Valid Acc 50.3253
TestSub: S[1, 2, 3, 4, 5] Epoch 38 Finsh | Now_lr 0.0005/0.0005|Train Loss 0.0187 | Valid Loss 3.8994 | Train Acc 99.3835| Valid Acc 50.2037
TestSub: S[1, 2, 3, 4, 5] Epoch 39 Finsh | Now_lr 0.0005/0.0005|Train Loss 0.0205 | Valid Loss 3.9782 | Train Acc 99.3172| Valid Acc 49.3768
TestSub: S[1, 2, 3, 4, 5] Epoch 40 Finsh | Now_lr 0.0005/0.0005|Train Loss 0.0197 | Valid Loss 3.9231 | Train Acc 99.3337| Valid Acc 49.4832
TestSub: S[1, 2, 3, 4, 5] Epoch 41 Finsh | Now_lr 0.0005/0.0005|Train Loss 0.0173 | Valid Loss 4.0181 | Train Acc 99.4206| Valid Acc 49.7568
TestSub: S[1, 2, 3, 4, 5] Epoch 42 Finsh | Now_lr 0.0005/0.0005|Train Loss 0.0189 | Valid Loss 3.9238 | Train Acc 99.3446| Valid Acc 50.5958
TestSub: S[1, 2, 3, 4, 5] Epoch 43 Finsh | Now_lr 0.0005/0.0005|Train Loss 0.0182 | Valid Loss 3.9115 | Train Acc 99.3963| Valid Acc 49.3099
TestSub: S[1, 2, 3, 4, 5] Epoch 44 Finsh | Now_lr 0.0005/0.0005|Train Loss 0.0171 | Valid Loss 3.9166 | Train Acc 99.4261| Valid Acc 49.9331
TestSub: S[1, 2, 3, 4, 5] Epoch 45 Finsh | Now_lr 0.0005/0.0005|Train Loss 0.0162 | Valid Loss 3.8553 | Train Acc 99.4577| Valid Acc 50.3101
TestSub: S[1, 2, 3, 4, 5] Epoch 46 Finsh | Now_lr 0.0005/0.0005|Train Loss 0.0165 | Valid Loss 3.8290 | Train Acc 99.4565| Valid Acc 51.0974
TestSub: S[1, 2, 3, 4, 5] Epoch 47 Finsh | Now_lr 0.0005/0.0005|Train Loss 0.0164 | Valid Loss 3.7903 | Train Acc 99.4473| Valid Acc 49.9909
TestSub: S[1, 2, 3, 4, 5] Epoch 48 Finsh | Now_lr 0.0005/0.0005|Train Loss 0.0144 | Valid Loss 4.2820 | Train Acc 99.5233| Valid Acc 49.8358
Early stopping triggered after 48 epochs (30 epochs without improvement)
--------------------------------------------------
Test_Subject :S[1, 2, 3, 4, 5] |Best epoch:18 | Test Loss:3.6695 | Best Acc 52.7237 | Savemodel Acc 52.7237
--------------------------------------------------

========== Fold 2 ==========
Train IDs: [1, 2, 3, 4, 5, 11, 12, 13, 14, 15, 16, 17, 18, 19, 20, 21, 22, 23, 24, 25, 26, 27, 28, 29, 30]
Val IDs:   [6, 7, 8, 9, 10]
================================================================================
SSL PRE-TRAINING PHASE
================================================================================
Loading SSL data for subjects: [1, 2, 3, 4, 5, 11, 12, 13, 14, 15, 16, 17, 18, 19, 20, 21, 22, 23, 24, 25, 26, 27, 28, 29, 30]
Loaded subject S1: (6580, 32, 128)
Loaded subject S2: (6580, 32, 128)
Loaded subject S3: (6580, 32, 128)
Loaded subject S4: (6580, 32, 128)
Loaded subject S5: (6580, 32, 128)
Loaded subject S11: (6580, 32, 128)
Loaded subject S12: (6580, 32, 128)
Loaded subject S13: (6580, 32, 128)
Loaded subject S14: (6580, 32, 128)
Loaded subject S15: (6580, 32, 128)
Loaded subject S16: (6580, 32, 128)
Loaded subject S17: (6580, 32, 128)
Loaded subject S18: (6580, 32, 128)
Loaded subject S19: (6580, 32, 128)
Loaded subject S20: (6580, 32, 128)
Loaded subject S21: (6580, 32, 128)
Loaded subject S22: (6580, 32, 128)
Loaded subject S23: (6580, 32, 128)
Loaded subject S24: (6580, 32, 128)
Loaded subject S25: (6580, 32, 128)
Loaded subject S26: (6580, 32, 128)
Loaded subject S27: (6580, 32, 128)
Loaded subject S28: (6580, 32, 128)
Loaded subject S29: (6580, 32, 128)
Loaded subject S30: (6580, 32, 128)
Total SSL data shape: (164500, 32, 128)
🏗️  SSL Model Architecture:
   - SSL Enabled: True
   - SSL Approach: full_darnet
   - Training Mode: ssl
   - Decoder Type: EEGFullDARNetDecoder
   - Encoder parameters: 36,888
   - Decoder parameters: 4,388,192
   - Total parameters: 4,425,098
   - Decoder/Total ratio: 99.2%
==================================================
Starting SSL Pre-training
==================================================
=================================================================
Layer (type:depth-idx)                   Param #
=================================================================
DARNet                                   --
├─TokenEmbeddingOriginal: 1-1            --
│    └─Sequential: 2-1                   --
│    │    └─Conv2d: 3-1                  576
│    │    └─BatchNorm2d: 3-2             128
│    │    └─GELU: 3-3                    --
│    └─Sequential: 2-2                   --
│    │    └─Conv2d: 3-4                  32,784
│    │    └─BatchNorm2d: 3-5             32
│    │    └─GELU: 3-6                    --
│    └─PositionalEmbedding: 2-3          --
├─EEGFullDARNetDecoder: 1-2              --
│    └─Sequential: 2-4                   --
│    │    └─Linear: 3-7                  2,304
│    │    └─ReLU: 3-8                    --
│    │    └─Dropout: 3-9                 --
│    │    └─Linear: 3-10                 131,584
│    │    └─ReLU: 3-11                   --
│    │    └─Dropout: 3-12                --
│    │    └─Linear: 3-13                 4,202,496
│    └─Sequential: 2-5                   --
│    │    └─Conv1d: 3-14                 24,704
│    │    └─BatchNorm1d: 3-15            256
│    │    └─ReLU: 3-16                   --
│    │    └─Dropout: 3-17                --
│    └─Sequential: 2-6                   --
│    │    └─Conv1d: 3-18                 24,640
│    │    └─BatchNorm1d: 3-19            128
│    │    └─ReLU: 3-20                   --
│    │    └─Dropout: 3-21                --
│    └─Conv1d: 2-7                       2,080
├─Flatten: 1-3                           --
├─Linear: 1-4                            18
├─AttnRefine: 1-5                        --
│    └─MyAttention: 2-8                  --
│    │    └─Attention: 3-22              800
│    └─Refine: 2-9                       --
│    │    └─Conv1d: 3-23                 784
│    │    └─BatchNorm1d: 3-24            32
│    │    └─ELU: 3-25                    --
│    │    └─MaxPool1d: 3-26              --
│    └─AdaptiveAvgPool1d: 2-10           --
│    └─Linear: 2-11                      68
│    └─Flatten: 2-12                     --
├─AttnRefine: 1-6                        --
│    └─MyAttention: 2-13                 --
│    │    └─Attention: 3-27              800
│    └─Refine: 2-14                      --
│    │    └─Conv1d: 3-28                 784
│    │    └─BatchNorm1d: 3-29            32
│    │    └─ELU: 3-30                    --
│    │    └─MaxPool1d: 3-31              --
│    └─AdaptiveAvgPool1d: 2-15           --
│    └─Linear: 2-16                      68
│    └─Flatten: 2-17                     --
=================================================================
Total params: 4,425,098
Trainable params: 4,425,098
Non-trainable params: 0
=================================================================
SSL Epoch  1 | SSL Loss: 0.366930
SSL model saved at epoch 1 with loss 0.366930 to ./exps/cross-subject/DARNet_SSL_FullDARNet/ssl_models_task1_AAD_MM-AAD_original_ssl_2025-10-12-18-34-21/ssl_best_model.pt
SSL model saved with loss 0.366930
