==========================================
SLURM_CLUSTER_NAME = param-shivay
SLURM_ARRAY_JOB_ID = 
SLURM_ARRAY_TASK_ID = 
SLURM_ARRAY_TASK_COUNT = 
SLURM_ARRAY_TASK_MAX = 
SLURM_ARRAY_TASK_MIN = 
SLURM_JOB_ACCOUNT = mechanical_engg
SLURM_JOB_ID = 1155651
SLURM_JOB_NAME = eeg-train
SLURM_JOB_NODELIST = gpu006
SLURM_JOB_USER = suyash.kumar.mec22.itbhu
SLURM_JOB_UID = 6339
SLURM_JOB_PARTITION = gpu
SLURM_TASK_PID = 3376
SLURM_SUBMIT_DIR = /scratch/suyash.kumar.mec22.itbhu/EEG-AAD/eeg-aad-challenge2026-task1-baselines-master
SLURM_CPUS_ON_NODE = 8
SLURM_NTASKS = 
SLURM_TASK_PID = 3376
==========================================
Current device is cuda
Setting all seeds to 42 for reproducibility...
All seeds set successfully!
start time: task1_AAD_MM-AAD_original_ssl_2025-10-12-03-02-10
============================================================================================================
Arguments =
	_action_groups: [<argparse._ArgumentGroup object at 0x7fd1e1185790>, <argparse._ArgumentGroup object at 0x7fd1e1185040>]
	_actions: [_HelpAction(option_strings=['-h', '--help'], dest='help', nargs=0, const=None, default='==SUPPRESS==', type=None, choices=None, required=False, help='show this help message and exit', metavar=None)]
	_defaults: {}
	_has_negative_number_optionals: []
	_mutually_exclusive_groups: []
	_negative_number_matcher: re.compile('^-\\d+$|^-\\d*\\.\\d+$')
	_option_string_actions: {'-h': _HelpAction(option_strings=['-h', '--help'], dest='help', nargs=0, const=None, default='==SUPPRESS==', type=None, choices=None, required=False, help='show this help message and exit', metavar=None), '--help': _HelpAction(option_strings=['-h', '--help'], dest='help', nargs=0, const=None, default='==SUPPRESS==', type=None, choices=None, required=False, help='show this help message and exit', metavar=None)}
	_optionals: <argparse._ArgumentGroup object at 0x7fd1e1185040>
	_positionals: <argparse._ArgumentGroup object at 0x7fd1e1185790>
	_registries: {'action': {None: <class 'argparse._StoreAction'>, 'store': <class 'argparse._StoreAction'>, 'store_const': <class 'argparse._StoreConstAction'>, 'store_true': <class 'argparse._StoreTrueAction'>, 'store_false': <class 'argparse._StoreFalseAction'>, 'append': <class 'argparse._AppendAction'>, 'append_const': <class 'argparse._AppendConstAction'>, 'count': <class 'argparse._CountAction'>, 'help': <class 'argparse._HelpAction'>, 'version': <class 'argparse._VersionAction'>, 'parsers': <class 'argparse._SubParsersAction'>, 'extend': <class 'argparse._ExtendAction'>}, 'type': {None: <function ArgumentParser.__init__.<locals>.identity at 0x7fd1cc7659d0>}}
	_subparsers: None
	add_help: True
	allow_abbrev: True
	alpha: 0.99
	argument_default: None
	batch_size: 128
	beta1: 0.9
	beta2: 0.999
	conflict_handler: error
	data_path: /home/suyash.kumar.mec22.itbhu/EEG-AAD_audio_only/preprocessed/data/
	dataset: MM-AAD
	description: None
	eeg_channel: 32
	epilog: None
	exit_on_error: True
	fig_path: ./exps/cross-subject/DARNet_SSL_UNet/figures/
	formatter_class: <class 'argparse.HelpFormatter'>
	fromfile_prefix_chars: None
	fs: 128
	label_path: /home/suyash.kumar.mec22.itbhu/EEG-AAD_audio_only/preprocessed/label/
	lam: 0.2
	log_interval: 10
	lr: 0.0005
	lr_decayrate: 0.5
	max_epoch: 100
	model: DARNet_SSL_UNet
	model_save_path: ./exps/cross-subject/DARNet_SSL_UNet/baseline_task1_AAD_MM-AAD_original_ssl_2025-10-12-03-02-10/
	momentum: 0.9
	optimizer: AdamW
	overlap: 0.5
	patience: 10
	prefix_chars: -
	prog: trainer.py
	seed: 42
	ssl_enabled: True
	ssl_epochs: 5
	ssl_lr: 0.001
	ssl_model_save_path: ./exps/cross-subject/DARNet_SSL_UNet/ssl_models_task1_AAD_MM-AAD_original_ssl_2025-10-12-03-02-10/
	start_time: task1_AAD_MM-AAD_original_ssl_2025-10-12-03-02-10
	subject_number: 40
	trail_number: 20
	usage: None
	weight_decay: 0.0003
	win_len: 128
	win_time: 1
	window_lap: 64.0
============================================================================================================

========== Fold 1 ==========
Train IDs: [6, 7, 8, 9, 10, 11, 12, 13, 14, 15, 16, 17, 18, 19, 20, 21, 22, 23, 24, 25, 26, 27, 28, 29, 30]
Val IDs:   [1, 2, 3, 4, 5]
================================================================================
SSL PRE-TRAINING PHASE
================================================================================
Loading SSL data for subjects: [6, 7, 8, 9, 10, 11, 12, 13, 14, 15, 16, 17, 18, 19, 20, 21, 22, 23, 24, 25, 26, 27, 28, 29, 30]
Loaded subject S6: (6580, 32, 128)
Loaded subject S7: (6580, 32, 128)
Loaded subject S8: (6580, 32, 128)
Loaded subject S9: (6580, 32, 128)
Loaded subject S10: (6580, 32, 128)
Loaded subject S11: (6580, 32, 128)
Loaded subject S12: (6580, 32, 128)
Loaded subject S13: (6580, 32, 128)
Loaded subject S14: (6580, 32, 128)
Loaded subject S15: (6580, 32, 128)
Loaded subject S16: (6580, 32, 128)
Loaded subject S17: (6580, 32, 128)
Loaded subject S18: (6580, 32, 128)
Loaded subject S19: (6580, 32, 128)
Loaded subject S20: (6580, 32, 128)
Loaded subject S21: (6580, 32, 128)
Loaded subject S22: (6580, 32, 128)
Loaded subject S23: (6580, 32, 128)
Loaded subject S24: (6580, 32, 128)
Loaded subject S25: (6580, 32, 128)
Loaded subject S26: (6580, 32, 128)
Loaded subject S27: (6580, 32, 128)
Loaded subject S28: (6580, 32, 128)
Loaded subject S29: (6580, 32, 128)
Loaded subject S30: (6580, 32, 128)
Total SSL data shape: (164500, 32, 128)
==================================================
Starting SSL Pre-training
==================================================
=================================================================
Layer (type:depth-idx)                   Param #
=================================================================
DARNet                                   --
├─TokenEmbedding: 1-1                    --
│    └─Sequential: 2-1                   --
│    │    └─Conv2d: 3-1                  576
│    │    └─BatchNorm2d: 3-2             128
│    │    └─GELU: 3-3                    --
│    └─Sequential: 2-2                   --
│    │    └─Conv2d: 3-4                  32,784
│    │    └─BatchNorm2d: 3-5             32
│    │    └─GELU: 3-6                    --
│    └─PositionalEmbedding: 2-3          --
├─EEGUNetDecoder: 1-2                    --
│    └─ConvTranspose1d: 2-4              1,568
│    └─BatchNorm1d: 2-5                  64
│    └─Conv1d: 2-6                       4,640
│    └─BatchNorm1d: 2-7                  64
│    └─ConvTranspose1d: 2-8              6,208
│    └─BatchNorm1d: 2-9                  128
│    └─Conv1d: 2-10                      405,568
│    └─BatchNorm1d: 2-11                 128
│    └─Conv1d: 2-12                      2,080
│    └─ReLU: 2-13                        --
│    └─Dropout: 2-14                     --
├─Flatten: 1-3                           --
├─Linear: 1-4                            18
├─AttnRefine: 1-5                        --
│    └─MyAttention: 2-15                 --
│    │    └─Attention: 3-7               800
│    └─Refine: 2-16                      --
│    │    └─Conv1d: 3-8                  784
│    │    └─BatchNorm1d: 3-9             32
│    │    └─ELU: 3-10                    --
│    │    └─MaxPool1d: 3-11              --
│    └─AdaptiveAvgPool1d: 2-17           --
│    └─Linear: 2-18                      68
│    └─Flatten: 2-19                     --
├─AttnRefine: 1-6                        --
│    └─MyAttention: 2-20                 --
│    │    └─Attention: 3-12              800
│    └─Refine: 2-21                      --
│    │    └─Conv1d: 3-13                 784
│    │    └─BatchNorm1d: 3-14            32
│    │    └─ELU: 3-15                    --
│    │    └─MaxPool1d: 3-16              --
│    └─AdaptiveAvgPool1d: 2-22           --
│    └─Linear: 2-23                      68
│    └─Flatten: 2-24                     --
=================================================================
Total params: 457,354
Trainable params: 457,354
Non-trainable params: 0
=================================================================
SSL Epoch  1 | SSL Loss: 0.134649
SSL model saved at epoch 1 with loss 0.134649 to ./exps/cross-subject/DARNet_SSL_UNet/ssl_models_task1_AAD_MM-AAD_original_ssl_2025-10-12-03-02-10/ssl_best_model.pt
SSL model saved with loss 0.134649
SSL Epoch  2 | SSL Loss: 0.109300
SSL model saved at epoch 2 with loss 0.109300 to ./exps/cross-subject/DARNet_SSL_UNet/ssl_models_task1_AAD_MM-AAD_original_ssl_2025-10-12-03-02-10/ssl_best_model.pt
SSL model saved with loss 0.109300
SSL Epoch  3 | SSL Loss: 0.103914
SSL model saved at epoch 3 with loss 0.103914 to ./exps/cross-subject/DARNet_SSL_UNet/ssl_models_task1_AAD_MM-AAD_original_ssl_2025-10-12-03-02-10/ssl_best_model.pt
SSL model saved with loss 0.103914
SSL Epoch  4 | SSL Loss: 0.100536
SSL model saved at epoch 4 with loss 0.100536 to ./exps/cross-subject/DARNet_SSL_UNet/ssl_models_task1_AAD_MM-AAD_original_ssl_2025-10-12-03-02-10/ssl_best_model.pt
SSL model saved with loss 0.100536
SSL Epoch  5 | SSL Loss: 0.098021
SSL model saved at epoch 5 with loss 0.098021 to ./exps/cross-subject/DARNet_SSL_UNet/ssl_models_task1_AAD_MM-AAD_original_ssl_2025-10-12-03-02-10/ssl_best_model.pt
SSL model saved with loss 0.098021
==================================================
SSL Pre-training completed. Best loss: 0.098021
==================================================
train_data_shape(164500, 32, 128),val_data_shape(32900, 32, 128)
Loaded SSL pre-trained weights from ./exps/cross-subject/DARNet_SSL_UNet/ssl_models_task1_AAD_MM-AAD_original_ssl_2025-10-12-03-02-10/ssl_best_model.pt
==================================================
Starting Fine-tuning
==================================================
=================================================================
Layer (type:depth-idx)                   Param #
=================================================================
DARNet                                   --
├─TokenEmbedding: 1-1                    --
│    └─Sequential: 2-1                   --
│    │    └─Conv2d: 3-1                  576
│    │    └─BatchNorm2d: 3-2             128
│    │    └─GELU: 3-3                    --
│    └─Sequential: 2-2                   --
│    │    └─Conv2d: 3-4                  32,784
│    │    └─BatchNorm2d: 3-5             32
│    │    └─GELU: 3-6                    --
│    └─PositionalEmbedding: 2-3          --
├─EEGUNetDecoder: 1-2                    --
│    └─ConvTranspose1d: 2-4              1,568
│    └─BatchNorm1d: 2-5                  64
│    └─Conv1d: 2-6                       4,640
│    └─BatchNorm1d: 2-7                  64
│    └─ConvTranspose1d: 2-8              6,208
│    └─BatchNorm1d: 2-9                  128
│    └─Conv1d: 2-10                      405,568
│    └─BatchNorm1d: 2-11                 128
│    └─Conv1d: 2-12                      2,080
│    └─ReLU: 2-13                        --
│    └─Dropout: 2-14                     --
├─Flatten: 1-3                           --
├─Linear: 1-4                            18
├─AttnRefine: 1-5                        --
│    └─MyAttention: 2-15                 --
│    │    └─Attention: 3-7               800
│    └─Refine: 2-16                      --
│    │    └─Conv1d: 3-8                  784
│    │    └─BatchNorm1d: 3-9             32
│    │    └─ELU: 3-10                    --
│    │    └─MaxPool1d: 3-11              --
│    └─AdaptiveAvgPool1d: 2-17           --
│    └─Linear: 2-18                      68
│    └─Flatten: 2-19                     --
├─AttnRefine: 1-6                        --
│    └─MyAttention: 2-20                 --
│    │    └─Attention: 3-12              800
│    └─Refine: 2-21                      --
│    │    └─Conv1d: 3-13                 784
│    │    └─BatchNorm1d: 3-14            32
│    │    └─ELU: 3-15                    --
│    │    └─MaxPool1d: 3-16              --
│    └─AdaptiveAvgPool1d: 2-22           --
│    └─Linear: 2-23                      68
│    └─Flatten: 2-24                     --
=================================================================
Total params: 457,354
Trainable params: 457,354
Non-trainable params: 0
=================================================================
TestSub: S[1, 2, 3, 4, 5] Epoch  1 Finsh | Now_lr 0.0005/0.0005|Train Loss 0.5680 | Valid Loss 1.1297 | Train Acc 67.4866| Valid Acc 51.8878
Validation acc increase (0.000000 --> 51.887768) in epoch (1).  Saving model ...
TestSub: S[1, 2, 3, 4, 5] Epoch  2 Finsh | Now_lr 0.0005/0.0005|Train Loss 0.4196 | Valid Loss 1.5829 | Train Acc 79.3276| Valid Acc 52.0063
Validation acc increase (51.887768 --> 52.006323) in epoch (2).  Saving model ...
TestSub: S[1, 2, 3, 4, 5] Epoch  3 Finsh | Now_lr 0.0005/0.0005|Train Loss 0.3546 | Valid Loss 1.8335 | Train Acc 83.5348| Valid Acc 50.8208
TestSub: S[1, 2, 3, 4, 5] Epoch  4 Finsh | Now_lr 0.0005/0.0005|Train Loss 0.3116 | Valid Loss 2.0296 | Train Acc 86.0931| Valid Acc 52.0367
Validation acc increase (52.006323 --> 52.036722) in epoch (4).  Saving model ...
TestSub: S[1, 2, 3, 4, 5] Epoch  5 Finsh | Now_lr 0.0005/0.0005|Train Loss 0.2775 | Valid Loss 2.1659 | Train Acc 88.0125| Valid Acc 51.7844
TestSub: S[1, 2, 3, 4, 5] Epoch  6 Finsh | Now_lr 0.0005/0.0005|Train Loss 0.2493 | Valid Loss 2.1162 | Train Acc 89.4850| Valid Acc 51.5655
TestSub: S[1, 2, 3, 4, 5] Epoch  7 Finsh | Now_lr 0.0005/0.0005|Train Loss 0.2294 | Valid Loss 2.1005 | Train Acc 90.3879| Valid Acc 52.3042
Validation acc increase (52.036722 --> 52.304232) in epoch (7).  Saving model ...
TestSub: S[1, 2, 3, 4, 5] Epoch  8 Finsh | Now_lr 0.0005/0.0005|Train Loss 0.2071 | Valid Loss 2.3070 | Train Acc 91.4598| Valid Acc 51.2008
TestSub: S[1, 2, 3, 4, 5] Epoch  9 Finsh | Now_lr 0.0005/0.0005|Train Loss 0.1925 | Valid Loss 2.3118 | Train Acc 92.1784| Valid Acc 51.0336
TestSub: S[1, 2, 3, 4, 5] Epoch 10 Finsh | Now_lr 0.0005/0.0005|Train Loss 0.1743 | Valid Loss 2.4035 | Train Acc 93.0514| Valid Acc 51.7631
TestSub: S[1, 2, 3, 4, 5] Epoch 11 Finsh | Now_lr 0.0005/0.0005|Train Loss 0.1633 | Valid Loss 2.4285 | Train Acc 93.5925| Valid Acc 50.3465
TestSub: S[1, 2, 3, 4, 5] Epoch 12 Finsh | Now_lr 0.0005/0.0005|Train Loss 0.1504 | Valid Loss 2.5449 | Train Acc 94.0990| Valid Acc 50.4469
TestSub: S[1, 2, 3, 4, 5] Epoch 13 Finsh | Now_lr 0.0005/0.0005|Train Loss 0.1414 | Valid Loss 2.4834 | Train Acc 94.5343| Valid Acc 50.0730
