==========================================
SLURM_CLUSTER_NAME = param-shivay
SLURM_ARRAY_JOB_ID = 
SLURM_ARRAY_TASK_ID = 
SLURM_ARRAY_TASK_COUNT = 
SLURM_ARRAY_TASK_MAX = 
SLURM_ARRAY_TASK_MIN = 
SLURM_JOB_ACCOUNT = mechanical_engg
SLURM_JOB_ID = 1155655
SLURM_JOB_NAME = eeg-train
SLURM_JOB_NODELIST = gpu006
SLURM_JOB_USER = suyash.kumar.mec22.itbhu
SLURM_JOB_UID = 6339
SLURM_JOB_PARTITION = gpu
SLURM_TASK_PID = 3802
SLURM_SUBMIT_DIR = /scratch/suyash.kumar.mec22.itbhu/EEG-AAD/eeg-aad-challenge2026-task1-baselines-master
SLURM_CPUS_ON_NODE = 8
SLURM_NTASKS = 
SLURM_TASK_PID = 3802
==========================================
Current device is cuda
Setting all seeds to 42 for reproducibility...
All seeds set successfully!
start time: task1_AAD_MM-AAD_original_ssl_2025-10-12-03-40-43
============================================================================================================
Arguments =
	_action_groups: [<argparse._ArgumentGroup object at 0x7fb520fdd130>, <argparse._ArgumentGroup object at 0x7fb520fdd0d0>]
	_actions: [_HelpAction(option_strings=['-h', '--help'], dest='help', nargs=0, const=None, default='==SUPPRESS==', type=None, choices=None, required=False, help='show this help message and exit', metavar=None)]
	_defaults: {}
	_has_negative_number_optionals: []
	_mutually_exclusive_groups: []
	_negative_number_matcher: re.compile('^-\\d+$|^-\\d*\\.\\d+$')
	_option_string_actions: {'-h': _HelpAction(option_strings=['-h', '--help'], dest='help', nargs=0, const=None, default='==SUPPRESS==', type=None, choices=None, required=False, help='show this help message and exit', metavar=None), '--help': _HelpAction(option_strings=['-h', '--help'], dest='help', nargs=0, const=None, default='==SUPPRESS==', type=None, choices=None, required=False, help='show this help message and exit', metavar=None)}
	_optionals: <argparse._ArgumentGroup object at 0x7fb520fdd0d0>
	_positionals: <argparse._ArgumentGroup object at 0x7fb520fdd130>
	_registries: {'action': {None: <class 'argparse._StoreAction'>, 'store': <class 'argparse._StoreAction'>, 'store_const': <class 'argparse._StoreConstAction'>, 'store_true': <class 'argparse._StoreTrueAction'>, 'store_false': <class 'argparse._StoreFalseAction'>, 'append': <class 'argparse._AppendAction'>, 'append_const': <class 'argparse._AppendConstAction'>, 'count': <class 'argparse._CountAction'>, 'help': <class 'argparse._HelpAction'>, 'version': <class 'argparse._VersionAction'>, 'parsers': <class 'argparse._SubParsersAction'>, 'extend': <class 'argparse._ExtendAction'>}, 'type': {None: <function ArgumentParser.__init__.<locals>.identity at 0x7fb50c5be9d0>}}
	_subparsers: None
	add_help: True
	allow_abbrev: True
	alpha: 0.99
	argument_default: None
	batch_size: 128
	beta1: 0.9
	beta2: 0.999
	conflict_handler: error
	data_path: /home/suyash.kumar.mec22.itbhu/EEG-AAD_audio_only/preprocessed/data/
	dataset: MM-AAD
	description: None
	eeg_channel: 32
	epilog: None
	exit_on_error: True
	fig_path: ./exps/cross-subject/DARNet_SSL_UNet/figures/
	formatter_class: <class 'argparse.HelpFormatter'>
	fromfile_prefix_chars: None
	fs: 128
	label_path: /home/suyash.kumar.mec22.itbhu/EEG-AAD_audio_only/preprocessed/label/
	lam: 0.2
	log_interval: 10
	lr: 0.0005
	lr_decayrate: 0.5
	max_epoch: 100
	model: DARNet_SSL_UNet
	model_save_path: ./exps/cross-subject/DARNet_SSL_UNet/baseline_task1_AAD_MM-AAD_original_ssl_2025-10-12-03-40-43/
	momentum: 0.9
	optimizer: AdamW
	overlap: 0.5
	patience: 10
	prefix_chars: -
	prog: trainer.py
	seed: 42
	ssl_enabled: True
	ssl_epochs: 30
	ssl_lr: 0.001
	ssl_model_save_path: ./exps/cross-subject/DARNet_SSL_UNet/ssl_models_task1_AAD_MM-AAD_original_ssl_2025-10-12-03-40-43/
	start_time: task1_AAD_MM-AAD_original_ssl_2025-10-12-03-40-43
	subject_number: 40
	trail_number: 20
	usage: None
	weight_decay: 0.0003
	win_len: 192
	win_time: 1.5
	window_lap: 96.0
============================================================================================================

========== Fold 1 ==========
Train IDs: [6, 7, 8, 9, 10, 11, 12, 13, 14, 15, 16, 17, 18, 19, 20, 21, 22, 23, 24, 25, 26, 27, 28, 29, 30]
Val IDs:   [1, 2, 3, 4, 5]
================================================================================
SSL PRE-TRAINING PHASE
================================================================================
Loading SSL data for subjects: [6, 7, 8, 9, 10, 11, 12, 13, 14, 15, 16, 17, 18, 19, 20, 21, 22, 23, 24, 25, 26, 27, 28, 29, 30]
Loaded subject S6: (6580, 32, 128)
Loaded subject S7: (6580, 32, 128)
Loaded subject S8: (6580, 32, 128)
Loaded subject S9: (6580, 32, 128)
Loaded subject S10: (6580, 32, 128)
Loaded subject S11: (6580, 32, 128)
Loaded subject S12: (6580, 32, 128)
Loaded subject S13: (6580, 32, 128)
Loaded subject S14: (6580, 32, 128)
Loaded subject S15: (6580, 32, 128)
Loaded subject S16: (6580, 32, 128)
Loaded subject S17: (6580, 32, 128)
Loaded subject S18: (6580, 32, 128)
Loaded subject S19: (6580, 32, 128)
Loaded subject S20: (6580, 32, 128)
Loaded subject S21: (6580, 32, 128)
Loaded subject S22: (6580, 32, 128)
Loaded subject S23: (6580, 32, 128)
Loaded subject S24: (6580, 32, 128)
Loaded subject S25: (6580, 32, 128)
Loaded subject S26: (6580, 32, 128)
Loaded subject S27: (6580, 32, 128)
Loaded subject S28: (6580, 32, 128)
Loaded subject S29: (6580, 32, 128)
Loaded subject S30: (6580, 32, 128)
Total SSL data shape: (164500, 32, 128)
==================================================
Starting SSL Pre-training
==================================================
=================================================================
Layer (type:depth-idx)                   Param #
=================================================================
DARNet                                   --
├─TokenEmbedding: 1-1                    --
│    └─Sequential: 2-1                   --
│    │    └─Conv2d: 3-1                  576
│    │    └─BatchNorm2d: 3-2             128
│    │    └─GELU: 3-3                    --
│    └─Sequential: 2-2                   --
│    │    └─Conv2d: 3-4                  32,784
│    │    └─BatchNorm2d: 3-5             32
│    │    └─GELU: 3-6                    --
│    └─PositionalEmbedding: 2-3          --
├─EEGUNetDecoder: 1-2                    --
│    └─ConvTranspose1d: 2-4              1,568
│    └─BatchNorm1d: 2-5                  64
│    └─Conv1d: 2-6                       4,640
│    └─BatchNorm1d: 2-7                  64
│    └─ConvTranspose1d: 2-8              6,208
│    └─BatchNorm1d: 2-9                  128
│    └─Conv1d: 2-10                      405,568
│    └─BatchNorm1d: 2-11                 128
│    └─Conv1d: 2-12                      2,080
│    └─ReLU: 2-13                        --
│    └─Dropout: 2-14                     --
├─Flatten: 1-3                           --
├─Linear: 1-4                            18
├─AttnRefine: 1-5                        --
│    └─MyAttention: 2-15                 --
│    │    └─Attention: 3-7               800
│    └─Refine: 2-16                      --
│    │    └─Conv1d: 3-8                  784
│    │    └─BatchNorm1d: 3-9             32
│    │    └─ELU: 3-10                    --
│    │    └─MaxPool1d: 3-11              --
│    └─AdaptiveAvgPool1d: 2-17           --
│    └─Linear: 2-18                      68
│    └─Flatten: 2-19                     --
├─AttnRefine: 1-6                        --
│    └─MyAttention: 2-20                 --
│    │    └─Attention: 3-12              800
│    └─Refine: 2-21                      --
│    │    └─Conv1d: 3-13                 784
│    │    └─BatchNorm1d: 3-14            32
│    │    └─ELU: 3-15                    --
│    │    └─MaxPool1d: 3-16              --
│    └─AdaptiveAvgPool1d: 2-22           --
│    └─Linear: 2-23                      68
│    └─Flatten: 2-24                     --
=================================================================
Total params: 457,354
Trainable params: 457,354
Non-trainable params: 0
=================================================================
SSL Epoch  1 | SSL Loss: 0.134649
SSL model saved at epoch 1 with loss 0.134649 to ./exps/cross-subject/DARNet_SSL_UNet/ssl_models_task1_AAD_MM-AAD_original_ssl_2025-10-12-03-40-43/ssl_best_model.pt
SSL model saved with loss 0.134649
SSL Epoch  2 | SSL Loss: 0.109300
SSL model saved at epoch 2 with loss 0.109300 to ./exps/cross-subject/DARNet_SSL_UNet/ssl_models_task1_AAD_MM-AAD_original_ssl_2025-10-12-03-40-43/ssl_best_model.pt
SSL model saved with loss 0.109300
SSL Epoch  3 | SSL Loss: 0.103914
SSL model saved at epoch 3 with loss 0.103914 to ./exps/cross-subject/DARNet_SSL_UNet/ssl_models_task1_AAD_MM-AAD_original_ssl_2025-10-12-03-40-43/ssl_best_model.pt
SSL model saved with loss 0.103914
SSL Epoch  4 | SSL Loss: 0.100536
SSL model saved at epoch 4 with loss 0.100536 to ./exps/cross-subject/DARNet_SSL_UNet/ssl_models_task1_AAD_MM-AAD_original_ssl_2025-10-12-03-40-43/ssl_best_model.pt
SSL model saved with loss 0.100536
SSL Epoch  5 | SSL Loss: 0.098021
SSL model saved at epoch 5 with loss 0.098021 to ./exps/cross-subject/DARNet_SSL_UNet/ssl_models_task1_AAD_MM-AAD_original_ssl_2025-10-12-03-40-43/ssl_best_model.pt
SSL model saved with loss 0.098021
SSL Epoch  6 | SSL Loss: 0.095979
SSL model saved at epoch 6 with loss 0.095979 to ./exps/cross-subject/DARNet_SSL_UNet/ssl_models_task1_AAD_MM-AAD_original_ssl_2025-10-12-03-40-43/ssl_best_model.pt
SSL model saved with loss 0.095979
SSL Epoch  7 | SSL Loss: 0.094211
SSL model saved at epoch 7 with loss 0.094211 to ./exps/cross-subject/DARNet_SSL_UNet/ssl_models_task1_AAD_MM-AAD_original_ssl_2025-10-12-03-40-43/ssl_best_model.pt
SSL model saved with loss 0.094211
SSL Epoch  8 | SSL Loss: 0.092885
SSL model saved at epoch 8 with loss 0.092885 to ./exps/cross-subject/DARNet_SSL_UNet/ssl_models_task1_AAD_MM-AAD_original_ssl_2025-10-12-03-40-43/ssl_best_model.pt
SSL model saved with loss 0.092885
SSL Epoch  9 | SSL Loss: 0.091469
SSL model saved at epoch 9 with loss 0.091469 to ./exps/cross-subject/DARNet_SSL_UNet/ssl_models_task1_AAD_MM-AAD_original_ssl_2025-10-12-03-40-43/ssl_best_model.pt
SSL model saved with loss 0.091469
SSL Epoch 10 | SSL Loss: 0.090476
SSL model saved at epoch 10 with loss 0.090476 to ./exps/cross-subject/DARNet_SSL_UNet/ssl_models_task1_AAD_MM-AAD_original_ssl_2025-10-12-03-40-43/ssl_best_model.pt
SSL model saved with loss 0.090476
SSL Epoch 11 | SSL Loss: 0.089803
SSL model saved at epoch 11 with loss 0.089803 to ./exps/cross-subject/DARNet_SSL_UNet/ssl_models_task1_AAD_MM-AAD_original_ssl_2025-10-12-03-40-43/ssl_best_model.pt
SSL model saved with loss 0.089803
SSL Epoch 12 | SSL Loss: 0.088634
SSL model saved at epoch 12 with loss 0.088634 to ./exps/cross-subject/DARNet_SSL_UNet/ssl_models_task1_AAD_MM-AAD_original_ssl_2025-10-12-03-40-43/ssl_best_model.pt
SSL model saved with loss 0.088634
SSL Epoch 13 | SSL Loss: 0.087929
SSL model saved at epoch 13 with loss 0.087929 to ./exps/cross-subject/DARNet_SSL_UNet/ssl_models_task1_AAD_MM-AAD_original_ssl_2025-10-12-03-40-43/ssl_best_model.pt
SSL model saved with loss 0.087929
SSL Epoch 14 | SSL Loss: 0.086893
SSL model saved at epoch 14 with loss 0.086893 to ./exps/cross-subject/DARNet_SSL_UNet/ssl_models_task1_AAD_MM-AAD_original_ssl_2025-10-12-03-40-43/ssl_best_model.pt
SSL model saved with loss 0.086893
SSL Epoch 15 | SSL Loss: 0.086067
SSL model saved at epoch 15 with loss 0.086067 to ./exps/cross-subject/DARNet_SSL_UNet/ssl_models_task1_AAD_MM-AAD_original_ssl_2025-10-12-03-40-43/ssl_best_model.pt
SSL model saved with loss 0.086067
SSL Epoch 16 | SSL Loss: 0.085400
SSL model saved at epoch 16 with loss 0.085400 to ./exps/cross-subject/DARNet_SSL_UNet/ssl_models_task1_AAD_MM-AAD_original_ssl_2025-10-12-03-40-43/ssl_best_model.pt
SSL model saved with loss 0.085400
SSL Epoch 17 | SSL Loss: 0.085370
SSL model saved at epoch 17 with loss 0.085370 to ./exps/cross-subject/DARNet_SSL_UNet/ssl_models_task1_AAD_MM-AAD_original_ssl_2025-10-12-03-40-43/ssl_best_model.pt
SSL model saved with loss 0.085370
SSL Epoch 18 | SSL Loss: 0.084383
SSL model saved at epoch 18 with loss 0.084383 to ./exps/cross-subject/DARNet_SSL_UNet/ssl_models_task1_AAD_MM-AAD_original_ssl_2025-10-12-03-40-43/ssl_best_model.pt
SSL model saved with loss 0.084383
SSL Epoch 19 | SSL Loss: 0.083475
SSL model saved at epoch 19 with loss 0.083475 to ./exps/cross-subject/DARNet_SSL_UNet/ssl_models_task1_AAD_MM-AAD_original_ssl_2025-10-12-03-40-43/ssl_best_model.pt
SSL model saved with loss 0.083475
SSL Epoch 20 | SSL Loss: 0.082911
SSL model saved at epoch 20 with loss 0.082911 to ./exps/cross-subject/DARNet_SSL_UNet/ssl_models_task1_AAD_MM-AAD_original_ssl_2025-10-12-03-40-43/ssl_best_model.pt
SSL model saved with loss 0.082911
SSL Epoch 21 | SSL Loss: 0.082191
SSL model saved at epoch 21 with loss 0.082191 to ./exps/cross-subject/DARNet_SSL_UNet/ssl_models_task1_AAD_MM-AAD_original_ssl_2025-10-12-03-40-43/ssl_best_model.pt
SSL model saved with loss 0.082191
SSL Epoch 22 | SSL Loss: 0.082373
SSL Epoch 23 | SSL Loss: 0.080942
SSL model saved at epoch 23 with loss 0.080942 to ./exps/cross-subject/DARNet_SSL_UNet/ssl_models_task1_AAD_MM-AAD_original_ssl_2025-10-12-03-40-43/ssl_best_model.pt
SSL model saved with loss 0.080942
SSL Epoch 24 | SSL Loss: 0.080692
SSL model saved at epoch 24 with loss 0.080692 to ./exps/cross-subject/DARNet_SSL_UNet/ssl_models_task1_AAD_MM-AAD_original_ssl_2025-10-12-03-40-43/ssl_best_model.pt
SSL model saved with loss 0.080692
SSL Epoch 25 | SSL Loss: 0.079990
SSL model saved at epoch 25 with loss 0.079990 to ./exps/cross-subject/DARNet_SSL_UNet/ssl_models_task1_AAD_MM-AAD_original_ssl_2025-10-12-03-40-43/ssl_best_model.pt
SSL model saved with loss 0.079990
SSL Epoch 26 | SSL Loss: 0.079618
SSL model saved at epoch 26 with loss 0.079618 to ./exps/cross-subject/DARNet_SSL_UNet/ssl_models_task1_AAD_MM-AAD_original_ssl_2025-10-12-03-40-43/ssl_best_model.pt
SSL model saved with loss 0.079618
SSL Epoch 27 | SSL Loss: 0.079014
SSL model saved at epoch 27 with loss 0.079014 to ./exps/cross-subject/DARNet_SSL_UNet/ssl_models_task1_AAD_MM-AAD_original_ssl_2025-10-12-03-40-43/ssl_best_model.pt
SSL model saved with loss 0.079014
SSL Epoch 28 | SSL Loss: 0.078672
SSL model saved at epoch 28 with loss 0.078672 to ./exps/cross-subject/DARNet_SSL_UNet/ssl_models_task1_AAD_MM-AAD_original_ssl_2025-10-12-03-40-43/ssl_best_model.pt
SSL model saved with loss 0.078672
SSL Epoch 29 | SSL Loss: 0.078364
SSL model saved at epoch 29 with loss 0.078364 to ./exps/cross-subject/DARNet_SSL_UNet/ssl_models_task1_AAD_MM-AAD_original_ssl_2025-10-12-03-40-43/ssl_best_model.pt
SSL model saved with loss 0.078364
SSL Epoch 30 | SSL Loss: 0.077887
SSL model saved at epoch 30 with loss 0.077887 to ./exps/cross-subject/DARNet_SSL_UNet/ssl_models_task1_AAD_MM-AAD_original_ssl_2025-10-12-03-40-43/ssl_best_model.pt
SSL model saved with loss 0.077887
==================================================
SSL Pre-training completed. Best loss: 0.077887
==================================================
train_data_shape(164500, 32, 128),val_data_shape(32900, 32, 128)
Loaded SSL pre-trained weights from ./exps/cross-subject/DARNet_SSL_UNet/ssl_models_task1_AAD_MM-AAD_original_ssl_2025-10-12-03-40-43/ssl_best_model.pt
==================================================
Starting Fine-tuning
==================================================
=================================================================
Layer (type:depth-idx)                   Param #
=================================================================
DARNet                                   --
├─TokenEmbedding: 1-1                    --
│    └─Sequential: 2-1                   --
│    │    └─Conv2d: 3-1                  576
│    │    └─BatchNorm2d: 3-2             128
│    │    └─GELU: 3-3                    --
│    └─Sequential: 2-2                   --
│    │    └─Conv2d: 3-4                  32,784
│    │    └─BatchNorm2d: 3-5             32
│    │    └─GELU: 3-6                    --
│    └─PositionalEmbedding: 2-3          --
├─EEGUNetDecoder: 1-2                    --
│    └─ConvTranspose1d: 2-4              1,568
│    └─BatchNorm1d: 2-5                  64
│    └─Conv1d: 2-6                       4,640
│    └─BatchNorm1d: 2-7                  64
│    └─ConvTranspose1d: 2-8              6,208
│    └─BatchNorm1d: 2-9                  128
│    └─Conv1d: 2-10                      405,568
│    └─BatchNorm1d: 2-11                 128
│    └─Conv1d: 2-12                      2,080
│    └─ReLU: 2-13                        --
│    └─Dropout: 2-14                     --
├─Flatten: 1-3                           --
├─Linear: 1-4                            18
├─AttnRefine: 1-5                        --
│    └─MyAttention: 2-15                 --
│    │    └─Attention: 3-7               800
│    └─Refine: 2-16                      --
│    │    └─Conv1d: 3-8                  784
│    │    └─BatchNorm1d: 3-9             32
│    │    └─ELU: 3-10                    --
│    │    └─MaxPool1d: 3-11              --
│    └─AdaptiveAvgPool1d: 2-17           --
│    └─Linear: 2-18                      68
│    └─Flatten: 2-19                     --
├─AttnRefine: 1-6                        --
│    └─MyAttention: 2-20                 --
│    │    └─Attention: 3-12              800
│    └─Refine: 2-21                      --
│    │    └─Conv1d: 3-13                 784
│    │    └─BatchNorm1d: 3-14            32
│    │    └─ELU: 3-15                    --
│    │    └─MaxPool1d: 3-16              --
│    └─AdaptiveAvgPool1d: 2-22           --
│    └─Linear: 2-23                      68
│    └─Flatten: 2-24                     --
=================================================================
Total params: 457,354
Trainable params: 457,354
Non-trainable params: 0
=================================================================
TestSub: S[1, 2, 3, 4, 5] Epoch  1 Finsh | Now_lr 0.0005/0.0005|Train Loss 0.6069 | Valid Loss 1.0192 | Train Acc 64.4212| Valid Acc 49.3555
Validation acc increase (0.000000 --> 49.355545) in epoch (1).  Saving model ...
TestSub: S[1, 2, 3, 4, 5] Epoch  2 Finsh | Now_lr 0.0005/0.0005|Train Loss 0.4823 | Valid Loss 1.2448 | Train Acc 75.1654| Valid Acc 50.4256
Validation acc increase (49.355545 --> 50.425584) in epoch (2).  Saving model ...
TestSub: S[1, 2, 3, 4, 5] Epoch  3 Finsh | Now_lr 0.0005/0.0005|Train Loss 0.4191 | Valid Loss 1.4718 | Train Acc 79.4291| Valid Acc 49.6839
TestSub: S[1, 2, 3, 4, 5] Epoch  4 Finsh | Now_lr 0.0005/0.0005|Train Loss 0.3755 | Valid Loss 1.6121 | Train Acc 82.1893| Valid Acc 50.9484
Validation acc increase (50.425584 --> 50.948444) in epoch (4).  Saving model ...
TestSub: S[1, 2, 3, 4, 5] Epoch  5 Finsh | Now_lr 0.0005/0.0005|Train Loss 0.3384 | Valid Loss 1.7873 | Train Acc 84.4662| Valid Acc 49.7963
TestSub: S[1, 2, 3, 4, 5] Epoch  6 Finsh | Now_lr 0.0005/0.0005|Train Loss 0.3049 | Valid Loss 1.7807 | Train Acc 86.5674| Valid Acc 50.1398
TestSub: S[1, 2, 3, 4, 5] Epoch  7 Finsh | Now_lr 0.0005/0.0005|Train Loss 0.2776 | Valid Loss 1.9080 | Train Acc 87.9797| Valid Acc 50.7326
TestSub: S[1, 2, 3, 4, 5] Epoch  8 Finsh | Now_lr 0.0005/0.0005|Train Loss 0.2555 | Valid Loss 1.8885 | Train Acc 89.2224| Valid Acc 49.8115
TestSub: S[1, 2, 3, 4, 5] Epoch  9 Finsh | Now_lr 0.0005/0.0005|Train Loss 0.2344 | Valid Loss 1.9131 | Train Acc 90.2870| Valid Acc 50.7843
TestSub: S[1, 2, 3, 4, 5] Epoch 10 Finsh | Now_lr 0.0005/0.0005|Train Loss 0.2144 | Valid Loss 2.1573 | Train Acc 91.3151| Valid Acc 50.7812
TestSub: S[1, 2, 3, 4, 5] Epoch 11 Finsh | Now_lr 0.0005/0.0005|Train Loss 0.2002 | Valid Loss 2.0449 | Train Acc 92.0106| Valid Acc 50.4773
TestSub: S[1, 2, 3, 4, 5] Epoch 12 Finsh | Now_lr 0.0005/0.0005|Train Loss 0.1844 | Valid Loss 2.1085 | Train Acc 92.6745| Valid Acc 50.3739
TestSub: S[1, 2, 3, 4, 5] Epoch 13 Finsh | Now_lr 0.0005/0.0005|Train Loss 0.1700 | Valid Loss 2.2355 | Train Acc 93.3317| Valid Acc 50.3921
TestSub: S[1, 2, 3, 4, 5] Epoch 14 Finsh | Now_lr 0.0005/0.0005|Train Loss 0.1577 | Valid Loss 2.3747 | Train Acc 93.9233| Valid Acc 50.2857
TestSub: S[1, 2, 3, 4, 5] Epoch 15 Finsh | Now_lr 0.0005/0.0005|Train Loss 0.1490 | Valid Loss 2.2489 | Train Acc 94.3002| Valid Acc 51.9850
Validation acc increase (50.948444 --> 51.985044) in epoch (15).  Saving model ...
TestSub: S[1, 2, 3, 4, 5] Epoch 16 Finsh | Now_lr 0.0005/0.0005|Train Loss 0.1386 | Valid Loss 2.2632 | Train Acc 94.6826| Valid Acc 51.4257
TestSub: S[1, 2, 3, 4, 5] Epoch 17 Finsh | Now_lr 0.0005/0.0005|Train Loss 0.1286 | Valid Loss 2.3043 | Train Acc 95.0961| Valid Acc 50.4864
TestSub: S[1, 2, 3, 4, 5] Epoch 18 Finsh | Now_lr 0.0005/0.0005|Train Loss 0.1218 | Valid Loss 2.2879 | Train Acc 95.4402| Valid Acc 50.3648
TestSub: S[1, 2, 3, 4, 5] Epoch 19 Finsh | Now_lr 0.0005/0.0005|Train Loss 0.1146 | Valid Loss 2.3590 | Train Acc 95.6755| Valid Acc 50.2705
TestSub: S[1, 2, 3, 4, 5] Epoch 20 Finsh | Now_lr 0.0005/0.0005|Train Loss 0.1066 | Valid Loss 2.3034 | Train Acc 96.0050| Valid Acc 51.5503
TestSub: S[1, 2, 3, 4, 5] Epoch 21 Finsh | Now_lr 0.0005/0.0005|Train Loss 0.1021 | Valid Loss 2.3618 | Train Acc 96.2008| Valid Acc 51.0275
TestSub: S[1, 2, 3, 4, 5] Epoch 22 Finsh | Now_lr 0.0005/0.0005|Train Loss 0.0980 | Valid Loss 2.3163 | Train Acc 96.3461| Valid Acc 50.5441
TestSub: S[1, 2, 3, 4, 5] Epoch 23 Finsh | Now_lr 0.0005/0.0005|Train Loss 0.0938 | Valid Loss 2.3739 | Train Acc 96.5589| Valid Acc 52.2678
Validation acc increase (51.985044 --> 52.267753) in epoch (23).  Saving model ...
TestSub: S[1, 2, 3, 4, 5] Epoch 24 Finsh | Now_lr 0.0005/0.0005|Train Loss 0.0888 | Valid Loss 2.3877 | Train Acc 96.7668| Valid Acc 50.8268
TestSub: S[1, 2, 3, 4, 5] Epoch 25 Finsh | Now_lr 0.0005/0.0005|Train Loss 0.0846 | Valid Loss 2.4963 | Train Acc 96.8835| Valid Acc 51.2768
TestSub: S[1, 2, 3, 4, 5] Epoch 26 Finsh | Now_lr 0.0005/0.0005|Train Loss 0.0806 | Valid Loss 2.5663 | Train Acc 97.0209| Valid Acc 49.9210
TestSub: S[1, 2, 3, 4, 5] Epoch 27 Finsh | Now_lr 0.0005/0.0005|Train Loss 0.0779 | Valid Loss 2.7746 | Train Acc 97.1832| Valid Acc 50.3374
TestSub: S[1, 2, 3, 4, 5] Epoch 28 Finsh | Now_lr 0.0005/0.0005|Train Loss 0.0748 | Valid Loss 2.6179 | Train Acc 97.2909| Valid Acc 51.1977
TestSub: S[1, 2, 3, 4, 5] Epoch 29 Finsh | Now_lr 0.0005/0.0005|Train Loss 0.0732 | Valid Loss 2.7606 | Train Acc 97.3687| Valid Acc 50.5928
TestSub: S[1, 2, 3, 4, 5] Epoch 30 Finsh | Now_lr 0.0005/0.0005|Train Loss 0.0688 | Valid Loss 2.5871 | Train Acc 97.5000| Valid Acc 51.4196
TestSub: S[1, 2, 3, 4, 5] Epoch 31 Finsh | Now_lr 0.0005/0.0005|Train Loss 0.0670 | Valid Loss 2.7899 | Train Acc 97.6271| Valid Acc 50.9393
TestSub: S[1, 2, 3, 4, 5] Epoch 32 Finsh | Now_lr 0.0005/0.0005|Train Loss 0.0662 | Valid Loss 2.7555 | Train Acc 97.6514| Valid Acc 49.3221
TestSub: S[1, 2, 3, 4, 5] Epoch 33 Finsh | Now_lr 0.0005/0.0005|Train Loss 0.0643 | Valid Loss 2.9220 | Train Acc 97.6581| Valid Acc 49.5501
TestSub: S[1, 2, 3, 4, 5] Epoch 34 Finsh | Now_lr 0.0005/0.0005|Train Loss 0.0618 | Valid Loss 2.8275 | Train Acc 97.7742| Valid Acc 50.4256
TestSub: S[1, 2, 3, 4, 5] Epoch 35 Finsh | Now_lr 0.0005/0.0005|Train Loss 0.0588 | Valid Loss 2.9827 | Train Acc 97.9219| Valid Acc 50.0000
TestSub: S[1, 2, 3, 4, 5] Epoch 36 Finsh | Now_lr 0.0005/0.0005|Train Loss 0.0576 | Valid Loss 2.7218 | Train Acc 97.9542| Valid Acc 49.7173
TestSub: S[1, 2, 3, 4, 5] Epoch 37 Finsh | Now_lr 0.0005/0.0005|Train Loss 0.0578 | Valid Loss 3.0638 | Train Acc 97.9578| Valid Acc 48.3433
TestSub: S[1, 2, 3, 4, 5] Epoch 38 Finsh | Now_lr 0.0005/0.0005|Train Loss 0.0558 | Valid Loss 2.8760 | Train Acc 98.0107| Valid Acc 49.6109
TestSub: S[1, 2, 3, 4, 5] Epoch 39 Finsh | Now_lr 0.0005/0.0005|Train Loss 0.0519 | Valid Loss 2.9187 | Train Acc 98.1894| Valid Acc 50.1854
TestSub: S[1, 2, 3, 4, 5] Epoch 40 Finsh | Now_lr 0.0005/0.0005|Train Loss 0.0520 | Valid Loss 2.9080 | Train Acc 98.1487| Valid Acc 50.9971
TestSub: S[1, 2, 3, 4, 5] Epoch 41 Finsh | Now_lr 0.0005/0.0005|Train Loss 0.0514 | Valid Loss 2.9933 | Train Acc 98.1815| Valid Acc 49.2978
TestSub: S[1, 2, 3, 4, 5] Epoch 42 Finsh | Now_lr 0.0005/0.0005|Train Loss 0.0494 | Valid Loss 3.0591 | Train Acc 98.2113| Valid Acc 50.2493
TestSub: S[1, 2, 3, 4, 5] Epoch 43 Finsh | Now_lr 0.0005/0.0005|Train Loss 0.0496 | Valid Loss 3.0559 | Train Acc 98.2460| Valid Acc 48.1943
TestSub: S[1, 2, 3, 4, 5] Epoch 44 Finsh | Now_lr 0.0005/0.0005|Train Loss 0.0475 | Valid Loss 3.0823 | Train Acc 98.3031| Valid Acc 49.0820
TestSub: S[1, 2, 3, 4, 5] Epoch 45 Finsh | Now_lr 0.0005/0.0005|Train Loss 0.0459 | Valid Loss 3.0663 | Train Acc 98.3901| Valid Acc 49.4042
TestSub: S[1, 2, 3, 4, 5] Epoch 46 Finsh | Now_lr 0.0005/0.0005|Train Loss 0.0443 | Valid Loss 3.0105 | Train Acc 98.4296| Valid Acc 49.6018
TestSub: S[1, 2, 3, 4, 5] Epoch 47 Finsh | Now_lr 0.0005/0.0005|Train Loss 0.0444 | Valid Loss 3.0466 | Train Acc 98.4563| Valid Acc 49.1823
TestSub: S[1, 2, 3, 4, 5] Epoch 48 Finsh | Now_lr 0.0005/0.0005|Train Loss 0.0428 | Valid Loss 3.0215 | Train Acc 98.5202| Valid Acc 49.1367
TestSub: S[1, 2, 3, 4, 5] Epoch 49 Finsh | Now_lr 0.0005/0.0005|Train Loss 0.0433 | Valid Loss 2.9934 | Train Acc 98.4904| Valid Acc 49.2036
TestSub: S[1, 2, 3, 4, 5] Epoch 50 Finsh | Now_lr 0.0005/0.0005|Train Loss 0.0404 | Valid Loss 3.1039 | Train Acc 98.5719| Valid Acc 48.5561
TestSub: S[1, 2, 3, 4, 5] Epoch 51 Finsh | Now_lr 0.0005/0.0005|Train Loss 0.0408 | Valid Loss 2.9879 | Train Acc 98.5603| Valid Acc 48.8570
TestSub: S[1, 2, 3, 4, 5] Epoch 52 Finsh | Now_lr 0.0005/0.0005|Train Loss 0.0383 | Valid Loss 3.2671 | Train Acc 98.6545| Valid Acc 49.6018
TestSub: S[1, 2, 3, 4, 5] Epoch 53 Finsh | Now_lr 0.0005/0.0005|Train Loss 0.0409 | Valid Loss 3.2675 | Train Acc 98.5834| Valid Acc 49.9088
Early stopping triggered after 53 epochs (30 epochs without improvement)
--------------------------------------------------
Test_Subject :S[1, 2, 3, 4, 5] |Best epoch:23 | Test Loss:2.3739 | Best Acc 52.2678 | Savemodel Acc 52.2678
--------------------------------------------------

========== Fold 2 ==========
Train IDs: [1, 2, 3, 4, 5, 11, 12, 13, 14, 15, 16, 17, 18, 19, 20, 21, 22, 23, 24, 25, 26, 27, 28, 29, 30]
Val IDs:   [6, 7, 8, 9, 10]
================================================================================
SSL PRE-TRAINING PHASE
================================================================================
Loading SSL data for subjects: [1, 2, 3, 4, 5, 11, 12, 13, 14, 15, 16, 17, 18, 19, 20, 21, 22, 23, 24, 25, 26, 27, 28, 29, 30]
Loaded subject S1: (6580, 32, 128)
Loaded subject S2: (6580, 32, 128)
Loaded subject S3: (6580, 32, 128)
Loaded subject S4: (6580, 32, 128)
Loaded subject S5: (6580, 32, 128)
Loaded subject S11: (6580, 32, 128)
Loaded subject S12: (6580, 32, 128)
Loaded subject S13: (6580, 32, 128)
Loaded subject S14: (6580, 32, 128)
Loaded subject S15: (6580, 32, 128)
Loaded subject S16: (6580, 32, 128)
Loaded subject S17: (6580, 32, 128)
Loaded subject S18: (6580, 32, 128)
Loaded subject S19: (6580, 32, 128)
Loaded subject S20: (6580, 32, 128)
Loaded subject S21: (6580, 32, 128)
Loaded subject S22: (6580, 32, 128)
Loaded subject S23: (6580, 32, 128)
Loaded subject S24: (6580, 32, 128)
Loaded subject S25: (6580, 32, 128)
Loaded subject S26: (6580, 32, 128)
Loaded subject S27: (6580, 32, 128)
Loaded subject S28: (6580, 32, 128)
Loaded subject S29: (6580, 32, 128)
Loaded subject S30: (6580, 32, 128)
Total SSL data shape: (164500, 32, 128)
==================================================
Starting SSL Pre-training
==================================================
=================================================================
Layer (type:depth-idx)                   Param #
=================================================================
DARNet                                   --
├─TokenEmbedding: 1-1                    --
│    └─Sequential: 2-1                   --
│    │    └─Conv2d: 3-1                  576
│    │    └─BatchNorm2d: 3-2             128
│    │    └─GELU: 3-3                    --
│    └─Sequential: 2-2                   --
│    │    └─Conv2d: 3-4                  32,784
│    │    └─BatchNorm2d: 3-5             32
│    │    └─GELU: 3-6                    --
│    └─PositionalEmbedding: 2-3          --
├─EEGUNetDecoder: 1-2                    --
│    └─ConvTranspose1d: 2-4              1,568
│    └─BatchNorm1d: 2-5                  64
│    └─Conv1d: 2-6                       4,640
│    └─BatchNorm1d: 2-7                  64
│    └─ConvTranspose1d: 2-8              6,208
│    └─BatchNorm1d: 2-9                  128
│    └─Conv1d: 2-10                      405,568
│    └─BatchNorm1d: 2-11                 128
│    └─Conv1d: 2-12                      2,080
│    └─ReLU: 2-13                        --
│    └─Dropout: 2-14                     --
├─Flatten: 1-3                           --
├─Linear: 1-4                            18
├─AttnRefine: 1-5                        --
│    └─MyAttention: 2-15                 --
│    │    └─Attention: 3-7               800
│    └─Refine: 2-16                      --
│    │    └─Conv1d: 3-8                  784
│    │    └─BatchNorm1d: 3-9             32
│    │    └─ELU: 3-10                    --
│    │    └─MaxPool1d: 3-11              --
│    └─AdaptiveAvgPool1d: 2-17           --
│    └─Linear: 2-18                      68
│    └─Flatten: 2-19                     --
├─AttnRefine: 1-6                        --
│    └─MyAttention: 2-20                 --
│    │    └─Attention: 3-12              800
│    └─Refine: 2-21                      --
│    │    └─Conv1d: 3-13                 784
│    │    └─BatchNorm1d: 3-14            32
│    │    └─ELU: 3-15                    --
│    │    └─MaxPool1d: 3-16              --
│    └─AdaptiveAvgPool1d: 2-22           --
│    └─Linear: 2-23                      68
│    └─Flatten: 2-24                     --
=================================================================
Total params: 457,354
Trainable params: 457,354
Non-trainable params: 0
=================================================================
SSL Epoch  1 | SSL Loss: 0.133286
SSL model saved at epoch 1 with loss 0.133286 to ./exps/cross-subject/DARNet_SSL_UNet/ssl_models_task1_AAD_MM-AAD_original_ssl_2025-10-12-03-40-43/ssl_best_model.pt
SSL model saved with loss 0.133286
SSL Epoch  2 | SSL Loss: 0.108887
SSL model saved at epoch 2 with loss 0.108887 to ./exps/cross-subject/DARNet_SSL_UNet/ssl_models_task1_AAD_MM-AAD_original_ssl_2025-10-12-03-40-43/ssl_best_model.pt
SSL model saved with loss 0.108887
SSL Epoch  3 | SSL Loss: 0.103514
SSL model saved at epoch 3 with loss 0.103514 to ./exps/cross-subject/DARNet_SSL_UNet/ssl_models_task1_AAD_MM-AAD_original_ssl_2025-10-12-03-40-43/ssl_best_model.pt
SSL model saved with loss 0.103514
SSL Epoch  4 | SSL Loss: 0.099607
SSL model saved at epoch 4 with loss 0.099607 to ./exps/cross-subject/DARNet_SSL_UNet/ssl_models_task1_AAD_MM-AAD_original_ssl_2025-10-12-03-40-43/ssl_best_model.pt
SSL model saved with loss 0.099607
SSL Epoch  5 | SSL Loss: 0.097445
SSL model saved at epoch 5 with loss 0.097445 to ./exps/cross-subject/DARNet_SSL_UNet/ssl_models_task1_AAD_MM-AAD_original_ssl_2025-10-12-03-40-43/ssl_best_model.pt
SSL model saved with loss 0.097445
SSL Epoch  6 | SSL Loss: 0.095359
SSL model saved at epoch 6 with loss 0.095359 to ./exps/cross-subject/DARNet_SSL_UNet/ssl_models_task1_AAD_MM-AAD_original_ssl_2025-10-12-03-40-43/ssl_best_model.pt
SSL model saved with loss 0.095359
SSL Epoch  7 | SSL Loss: 0.094333
SSL model saved at epoch 7 with loss 0.094333 to ./exps/cross-subject/DARNet_SSL_UNet/ssl_models_task1_AAD_MM-AAD_original_ssl_2025-10-12-03-40-43/ssl_best_model.pt
SSL model saved with loss 0.094333
SSL Epoch  8 | SSL Loss: 0.093508
SSL model saved at epoch 8 with loss 0.093508 to ./exps/cross-subject/DARNet_SSL_UNet/ssl_models_task1_AAD_MM-AAD_original_ssl_2025-10-12-03-40-43/ssl_best_model.pt
SSL model saved with loss 0.093508
SSL Epoch  9 | SSL Loss: 0.092323
SSL model saved at epoch 9 with loss 0.092323 to ./exps/cross-subject/DARNet_SSL_UNet/ssl_models_task1_AAD_MM-AAD_original_ssl_2025-10-12-03-40-43/ssl_best_model.pt
SSL model saved with loss 0.092323
SSL Epoch 10 | SSL Loss: 0.091205
SSL model saved at epoch 10 with loss 0.091205 to ./exps/cross-subject/DARNet_SSL_UNet/ssl_models_task1_AAD_MM-AAD_original_ssl_2025-10-12-03-40-43/ssl_best_model.pt
SSL model saved with loss 0.091205
SSL Epoch 11 | SSL Loss: 0.091154
SSL model saved at epoch 11 with loss 0.091154 to ./exps/cross-subject/DARNet_SSL_UNet/ssl_models_task1_AAD_MM-AAD_original_ssl_2025-10-12-03-40-43/ssl_best_model.pt
SSL model saved with loss 0.091154
SSL Epoch 12 | SSL Loss: 0.089695
SSL model saved at epoch 12 with loss 0.089695 to ./exps/cross-subject/DARNet_SSL_UNet/ssl_models_task1_AAD_MM-AAD_original_ssl_2025-10-12-03-40-43/ssl_best_model.pt
SSL model saved with loss 0.089695
SSL Epoch 13 | SSL Loss: 0.089042
SSL model saved at epoch 13 with loss 0.089042 to ./exps/cross-subject/DARNet_SSL_UNet/ssl_models_task1_AAD_MM-AAD_original_ssl_2025-10-12-03-40-43/ssl_best_model.pt
SSL model saved with loss 0.089042
SSL Epoch 14 | SSL Loss: 0.088516
SSL model saved at epoch 14 with loss 0.088516 to ./exps/cross-subject/DARNet_SSL_UNet/ssl_models_task1_AAD_MM-AAD_original_ssl_2025-10-12-03-40-43/ssl_best_model.pt
SSL model saved with loss 0.088516
SSL Epoch 15 | SSL Loss: 0.087595
SSL model saved at epoch 15 with loss 0.087595 to ./exps/cross-subject/DARNet_SSL_UNet/ssl_models_task1_AAD_MM-AAD_original_ssl_2025-10-12-03-40-43/ssl_best_model.pt
SSL model saved with loss 0.087595
SSL Epoch 16 | SSL Loss: 0.086998
SSL model saved at epoch 16 with loss 0.086998 to ./exps/cross-subject/DARNet_SSL_UNet/ssl_models_task1_AAD_MM-AAD_original_ssl_2025-10-12-03-40-43/ssl_best_model.pt
SSL model saved with loss 0.086998
SSL Epoch 17 | SSL Loss: 0.086175
SSL model saved at epoch 17 with loss 0.086175 to ./exps/cross-subject/DARNet_SSL_UNet/ssl_models_task1_AAD_MM-AAD_original_ssl_2025-10-12-03-40-43/ssl_best_model.pt
SSL model saved with loss 0.086175
SSL Epoch 18 | SSL Loss: 0.085388
SSL model saved at epoch 18 with loss 0.085388 to ./exps/cross-subject/DARNet_SSL_UNet/ssl_models_task1_AAD_MM-AAD_original_ssl_2025-10-12-03-40-43/ssl_best_model.pt
SSL model saved with loss 0.085388
SSL Epoch 19 | SSL Loss: 0.085171
SSL model saved at epoch 19 with loss 0.085171 to ./exps/cross-subject/DARNet_SSL_UNet/ssl_models_task1_AAD_MM-AAD_original_ssl_2025-10-12-03-40-43/ssl_best_model.pt
SSL model saved with loss 0.085171
SSL Epoch 20 | SSL Loss: 0.084290
SSL model saved at epoch 20 with loss 0.084290 to ./exps/cross-subject/DARNet_SSL_UNet/ssl_models_task1_AAD_MM-AAD_original_ssl_2025-10-12-03-40-43/ssl_best_model.pt
SSL model saved with loss 0.084290
SSL Epoch 21 | SSL Loss: 0.083241
SSL model saved at epoch 21 with loss 0.083241 to ./exps/cross-subject/DARNet_SSL_UNet/ssl_models_task1_AAD_MM-AAD_original_ssl_2025-10-12-03-40-43/ssl_best_model.pt
SSL model saved with loss 0.083241
SSL Epoch 22 | SSL Loss: 0.082420
SSL model saved at epoch 22 with loss 0.082420 to ./exps/cross-subject/DARNet_SSL_UNet/ssl_models_task1_AAD_MM-AAD_original_ssl_2025-10-12-03-40-43/ssl_best_model.pt
SSL model saved with loss 0.082420
SSL Epoch 23 | SSL Loss: 0.081910
SSL model saved at epoch 23 with loss 0.081910 to ./exps/cross-subject/DARNet_SSL_UNet/ssl_models_task1_AAD_MM-AAD_original_ssl_2025-10-12-03-40-43/ssl_best_model.pt
SSL model saved with loss 0.081910
SSL Epoch 24 | SSL Loss: 0.081425
SSL model saved at epoch 24 with loss 0.081425 to ./exps/cross-subject/DARNet_SSL_UNet/ssl_models_task1_AAD_MM-AAD_original_ssl_2025-10-12-03-40-43/ssl_best_model.pt
SSL model saved with loss 0.081425
SSL Epoch 25 | SSL Loss: 0.080823
SSL model saved at epoch 25 with loss 0.080823 to ./exps/cross-subject/DARNet_SSL_UNet/ssl_models_task1_AAD_MM-AAD_original_ssl_2025-10-12-03-40-43/ssl_best_model.pt
SSL model saved with loss 0.080823
SSL Epoch 26 | SSL Loss: 0.081005
SSL Epoch 27 | SSL Loss: 0.079942
SSL model saved at epoch 27 with loss 0.079942 to ./exps/cross-subject/DARNet_SSL_UNet/ssl_models_task1_AAD_MM-AAD_original_ssl_2025-10-12-03-40-43/ssl_best_model.pt
SSL model saved with loss 0.079942
SSL Epoch 28 | SSL Loss: 0.079850
SSL model saved at epoch 28 with loss 0.079850 to ./exps/cross-subject/DARNet_SSL_UNet/ssl_models_task1_AAD_MM-AAD_original_ssl_2025-10-12-03-40-43/ssl_best_model.pt
SSL model saved with loss 0.079850
SSL Epoch 29 | SSL Loss: 0.079757
SSL model saved at epoch 29 with loss 0.079757 to ./exps/cross-subject/DARNet_SSL_UNet/ssl_models_task1_AAD_MM-AAD_original_ssl_2025-10-12-03-40-43/ssl_best_model.pt
SSL model saved with loss 0.079757
SSL Epoch 30 | SSL Loss: 0.079174
SSL model saved at epoch 30 with loss 0.079174 to ./exps/cross-subject/DARNet_SSL_UNet/ssl_models_task1_AAD_MM-AAD_original_ssl_2025-10-12-03-40-43/ssl_best_model.pt
SSL model saved with loss 0.079174
==================================================
SSL Pre-training completed. Best loss: 0.079174
==================================================
train_data_shape(164500, 32, 128),val_data_shape(32900, 32, 128)
Loaded SSL pre-trained weights from ./exps/cross-subject/DARNet_SSL_UNet/ssl_models_task1_AAD_MM-AAD_original_ssl_2025-10-12-03-40-43/ssl_best_model.pt
==================================================
Starting Fine-tuning
==================================================
=================================================================
Layer (type:depth-idx)                   Param #
=================================================================
DARNet                                   --
├─TokenEmbedding: 1-1                    --
│    └─Sequential: 2-1                   --
│    │    └─Conv2d: 3-1                  576
│    │    └─BatchNorm2d: 3-2             128
│    │    └─GELU: 3-3                    --
│    └─Sequential: 2-2                   --
│    │    └─Conv2d: 3-4                  32,784
│    │    └─BatchNorm2d: 3-5             32
│    │    └─GELU: 3-6                    --
│    └─PositionalEmbedding: 2-3          --
├─EEGUNetDecoder: 1-2                    --
│    └─ConvTranspose1d: 2-4              1,568
│    └─BatchNorm1d: 2-5                  64
│    └─Conv1d: 2-6                       4,640
│    └─BatchNorm1d: 2-7                  64
│    └─ConvTranspose1d: 2-8              6,208
│    └─BatchNorm1d: 2-9                  128
│    └─Conv1d: 2-10                      405,568
│    └─BatchNorm1d: 2-11                 128
│    └─Conv1d: 2-12                      2,080
│    └─ReLU: 2-13                        --
│    └─Dropout: 2-14                     --
├─Flatten: 1-3                           --
├─Linear: 1-4                            18
├─AttnRefine: 1-5                        --
│    └─MyAttention: 2-15                 --
│    │    └─Attention: 3-7               800
│    └─Refine: 2-16                      --
│    │    └─Conv1d: 3-8                  784
│    │    └─BatchNorm1d: 3-9             32
│    │    └─ELU: 3-10                    --
│    │    └─MaxPool1d: 3-11              --
│    └─AdaptiveAvgPool1d: 2-17           --
│    └─Linear: 2-18                      68
│    └─Flatten: 2-19                     --
├─AttnRefine: 1-6                        --
│    └─MyAttention: 2-20                 --
│    │    └─Attention: 3-12              800
│    └─Refine: 2-21                      --
│    │    └─Conv1d: 3-13                 784
│    │    └─BatchNorm1d: 3-14            32
│    │    └─ELU: 3-15                    --
│    │    └─MaxPool1d: 3-16              --
│    └─AdaptiveAvgPool1d: 2-22           --
│    └─Linear: 2-23                      68
│    └─Flatten: 2-24                     --
=================================================================
Total params: 457,354
Trainable params: 457,354
Non-trainable params: 0
=================================================================
TestSub: S[6, 7, 8, 9, 10] Epoch  1 Finsh | Now_lr 0.0005/0.0005|Train Loss 0.6040 | Valid Loss 1.1008 | Train Acc 64.1829| Valid Acc 51.1217
Validation acc increase (0.000000 --> 51.121717) in epoch (1).  Saving model ...
TestSub: S[6, 7, 8, 9, 10] Epoch  2 Finsh | Now_lr 0.0005/0.0005|Train Loss 0.4498 | Valid Loss 1.5316 | Train Acc 77.4410| Valid Acc 46.5497
TestSub: S[6, 7, 8, 9, 10] Epoch  3 Finsh | Now_lr 0.0005/0.0005|Train Loss 0.3660 | Valid Loss 2.0104 | Train Acc 83.1001| Valid Acc 46.5437
TestSub: S[6, 7, 8, 9, 10] Epoch  4 Finsh | Now_lr 0.0005/0.0005|Train Loss 0.3155 | Valid Loss 2.0837 | Train Acc 85.9059| Valid Acc 47.3371
TestSub: S[6, 7, 8, 9, 10] Epoch  5 Finsh | Now_lr 0.0005/0.0005|Train Loss 0.2796 | Valid Loss 2.2415 | Train Acc 87.9092| Valid Acc 47.6107
TestSub: S[6, 7, 8, 9, 10] Epoch  6 Finsh | Now_lr 0.0005/0.0005|Train Loss 0.2490 | Valid Loss 2.4633 | Train Acc 89.4419| Valid Acc 48.3281
TestSub: S[6, 7, 8, 9, 10] Epoch  7 Finsh | Now_lr 0.0005/0.0005|Train Loss 0.2260 | Valid Loss 2.5836 | Train Acc 90.6560| Valid Acc 48.0119
TestSub: S[6, 7, 8, 9, 10] Epoch  8 Finsh | Now_lr 0.0005/0.0005|Train Loss 0.2037 | Valid Loss 2.6600 | Train Acc 91.6920| Valid Acc 48.7688
TestSub: S[6, 7, 8, 9, 10] Epoch  9 Finsh | Now_lr 0.0005/0.0005|Train Loss 0.1898 | Valid Loss 2.7733 | Train Acc 92.3948| Valid Acc 47.9329
TestSub: S[6, 7, 8, 9, 10] Epoch 10 Finsh | Now_lr 0.0005/0.0005|Train Loss 0.1745 | Valid Loss 3.0145 | Train Acc 93.0119| Valid Acc 47.5681
TestSub: S[6, 7, 8, 9, 10] Epoch 11 Finsh | Now_lr 0.0005/0.0005|Train Loss 0.1614 | Valid Loss 2.9392 | Train Acc 93.6625| Valid Acc 49.2522
TestSub: S[6, 7, 8, 9, 10] Epoch 12 Finsh | Now_lr 0.0005/0.0005|Train Loss 0.1487 | Valid Loss 2.7566 | Train Acc 94.2978| Valid Acc 48.7780
TestSub: S[6, 7, 8, 9, 10] Epoch 13 Finsh | Now_lr 0.0005/0.0005|Train Loss 0.1397 | Valid Loss 2.9788 | Train Acc 94.6401| Valid Acc 48.5895
TestSub: S[6, 7, 8, 9, 10] Epoch 14 Finsh | Now_lr 0.0005/0.0005|Train Loss 0.1324 | Valid Loss 3.0494 | Train Acc 94.8845| Valid Acc 48.6169
TestSub: S[6, 7, 8, 9, 10] Epoch 15 Finsh | Now_lr 0.0005/0.0005|Train Loss 0.1232 | Valid Loss 3.2435 | Train Acc 95.2760| Valid Acc 48.4801
TestSub: S[6, 7, 8, 9, 10] Epoch 16 Finsh | Now_lr 0.0005/0.0005|Train Loss 0.1173 | Valid Loss 2.8901 | Train Acc 95.6274| Valid Acc 48.9999
TestSub: S[6, 7, 8, 9, 10] Epoch 17 Finsh | Now_lr 0.0005/0.0005|Train Loss 0.1095 | Valid Loss 3.1595 | Train Acc 95.9266| Valid Acc 48.4345
TestSub: S[6, 7, 8, 9, 10] Epoch 18 Finsh | Now_lr 0.0005/0.0005|Train Loss 0.1045 | Valid Loss 3.1181 | Train Acc 96.0755| Valid Acc 49.4680
TestSub: S[6, 7, 8, 9, 10] Epoch 19 Finsh | Now_lr 0.0005/0.0005|Train Loss 0.0964 | Valid Loss 3.1175 | Train Acc 96.4743| Valid Acc 49.1428
TestSub: S[6, 7, 8, 9, 10] Epoch 20 Finsh | Now_lr 0.0005/0.0005|Train Loss 0.0949 | Valid Loss 2.9054 | Train Acc 96.4883| Valid Acc 49.8450
TestSub: S[6, 7, 8, 9, 10] Epoch 21 Finsh | Now_lr 0.0005/0.0005|Train Loss 0.0889 | Valid Loss 3.1726 | Train Acc 96.7571| Valid Acc 49.9787
TestSub: S[6, 7, 8, 9, 10] Epoch 22 Finsh | Now_lr 0.0005/0.0005|Train Loss 0.0835 | Valid Loss 3.0963 | Train Acc 96.9309| Valid Acc 51.4257
Validation acc increase (51.121717 --> 51.425705) in epoch (22).  Saving model ...
TestSub: S[6, 7, 8, 9, 10] Epoch 23 Finsh | Now_lr 0.0005/0.0005|Train Loss 0.0793 | Valid Loss 3.3416 | Train Acc 97.1042| Valid Acc 49.4771
TestSub: S[6, 7, 8, 9, 10] Epoch 24 Finsh | Now_lr 0.0005/0.0005|Train Loss 0.0759 | Valid Loss 3.1660 | Train Acc 97.2100| Valid Acc 50.5654
TestSub: S[6, 7, 8, 9, 10] Epoch 25 Finsh | Now_lr 0.0005/0.0005|Train Loss 0.0730 | Valid Loss 3.4568 | Train Acc 97.3389| Valid Acc 49.7720
TestSub: S[6, 7, 8, 9, 10] Epoch 26 Finsh | Now_lr 0.0005/0.0005|Train Loss 0.0710 | Valid Loss 3.2959 | Train Acc 97.4489| Valid Acc 49.8723
TestSub: S[6, 7, 8, 9, 10] Epoch 27 Finsh | Now_lr 0.0005/0.0005|Train Loss 0.0684 | Valid Loss 3.5261 | Train Acc 97.5036| Valid Acc 49.7690
TestSub: S[6, 7, 8, 9, 10] Epoch 28 Finsh | Now_lr 0.0005/0.0005|Train Loss 0.0644 | Valid Loss 3.5445 | Train Acc 97.6708| Valid Acc 50.7964
TestSub: S[6, 7, 8, 9, 10] Epoch 29 Finsh | Now_lr 0.0005/0.0005|Train Loss 0.0621 | Valid Loss 3.5649 | Train Acc 97.7955| Valid Acc 49.7994
TestSub: S[6, 7, 8, 9, 10] Epoch 30 Finsh | Now_lr 0.0005/0.0005|Train Loss 0.0601 | Valid Loss 3.6800 | Train Acc 97.8307| Valid Acc 49.7750
TestSub: S[6, 7, 8, 9, 10] Epoch 31 Finsh | Now_lr 0.0005/0.0005|Train Loss 0.0574 | Valid Loss 3.4537 | Train Acc 97.9317| Valid Acc 49.6565
TestSub: S[6, 7, 8, 9, 10] Epoch 32 Finsh | Now_lr 0.0005/0.0005|Train Loss 0.0570 | Valid Loss 3.4399 | Train Acc 98.0046| Valid Acc 50.1186
TestSub: S[6, 7, 8, 9, 10] Epoch 33 Finsh | Now_lr 0.0005/0.0005|Train Loss 0.0553 | Valid Loss 3.6559 | Train Acc 98.0466| Valid Acc 48.7628
TestSub: S[6, 7, 8, 9, 10] Epoch 34 Finsh | Now_lr 0.0005/0.0005|Train Loss 0.0530 | Valid Loss 3.8866 | Train Acc 98.1134| Valid Acc 48.7536
TestSub: S[6, 7, 8, 9, 10] Epoch 35 Finsh | Now_lr 0.0005/0.0005|Train Loss 0.0517 | Valid Loss 3.5835 | Train Acc 98.1578| Valid Acc 48.9148
TestSub: S[6, 7, 8, 9, 10] Epoch 36 Finsh | Now_lr 0.0005/0.0005|Train Loss 0.0494 | Valid Loss 3.7100 | Train Acc 98.2600| Valid Acc 49.1063
TestSub: S[6, 7, 8, 9, 10] Epoch 37 Finsh | Now_lr 0.0005/0.0005|Train Loss 0.0491 | Valid Loss 3.7925 | Train Acc 98.2740| Valid Acc 49.8176
TestSub: S[6, 7, 8, 9, 10] Epoch 38 Finsh | Now_lr 0.0005/0.0005|Train Loss 0.0473 | Valid Loss 3.5145 | Train Acc 98.3110| Valid Acc 49.6808
TestSub: S[6, 7, 8, 9, 10] Epoch 39 Finsh | Now_lr 0.0005/0.0005|Train Loss 0.0466 | Valid Loss 3.8437 | Train Acc 98.3755| Valid Acc 49.0911
TestSub: S[6, 7, 8, 9, 10] Epoch 40 Finsh | Now_lr 0.0005/0.0005|Train Loss 0.0442 | Valid Loss 3.9786 | Train Acc 98.4339| Valid Acc 48.3068
TestSub: S[6, 7, 8, 9, 10] Epoch 41 Finsh | Now_lr 0.0005/0.0005|Train Loss 0.0434 | Valid Loss 3.6649 | Train Acc 98.4588| Valid Acc 48.9847
TestSub: S[6, 7, 8, 9, 10] Epoch 42 Finsh | Now_lr 0.0005/0.0005|Train Loss 0.0427 | Valid Loss 3.8565 | Train Acc 98.4892| Valid Acc 49.0546
TestSub: S[6, 7, 8, 9, 10] Epoch 43 Finsh | Now_lr 0.0005/0.0005|Train Loss 0.0425 | Valid Loss 3.9044 | Train Acc 98.4983| Valid Acc 49.9787
TestSub: S[6, 7, 8, 9, 10] Epoch 44 Finsh | Now_lr 0.0005/0.0005|Train Loss 0.0416 | Valid Loss 3.8738 | Train Acc 98.5402| Valid Acc 48.8965
TestSub: S[6, 7, 8, 9, 10] Epoch 45 Finsh | Now_lr 0.0005/0.0005|Train Loss 0.0399 | Valid Loss 3.9372 | Train Acc 98.6126| Valid Acc 48.8205
TestSub: S[6, 7, 8, 9, 10] Epoch 46 Finsh | Now_lr 0.0005/0.0005|Train Loss 0.0399 | Valid Loss 3.6466 | Train Acc 98.6144| Valid Acc 48.9877
TestSub: S[6, 7, 8, 9, 10] Epoch 47 Finsh | Now_lr 0.0005/0.0005|Train Loss 0.0372 | Valid Loss 4.1464 | Train Acc 98.6770| Valid Acc 49.0546
TestSub: S[6, 7, 8, 9, 10] Epoch 48 Finsh | Now_lr 0.0005/0.0005|Train Loss 0.0378 | Valid Loss 3.9914 | Train Acc 98.6697| Valid Acc 49.7386
TestSub: S[6, 7, 8, 9, 10] Epoch 49 Finsh | Now_lr 0.0005/0.0005|Train Loss 0.0377 | Valid Loss 3.8755 | Train Acc 98.6959| Valid Acc 49.4984
TestSub: S[6, 7, 8, 9, 10] Epoch 50 Finsh | Now_lr 0.0005/0.0005|Train Loss 0.0360 | Valid Loss 3.9003 | Train Acc 98.7299| Valid Acc 49.5136
TestSub: S[6, 7, 8, 9, 10] Epoch 51 Finsh | Now_lr 0.0005/0.0005|Train Loss 0.0362 | Valid Loss 3.9607 | Train Acc 98.7257| Valid Acc 49.0789
TestSub: S[6, 7, 8, 9, 10] Epoch 52 Finsh | Now_lr 0.0005/0.0005|Train Loss 0.0348 | Valid Loss 3.9839 | Train Acc 98.7950| Valid Acc 49.0120
Early stopping triggered after 52 epochs (30 epochs without improvement)
--------------------------------------------------
Test_Subject :S[6, 7, 8, 9, 10] |Best epoch:22 | Test Loss:3.0963 | Best Acc 51.4257 | Savemodel Acc 51.4257
--------------------------------------------------

========== Fold 3 ==========
Train IDs: [1, 2, 3, 4, 5, 6, 7, 8, 9, 10, 16, 17, 18, 19, 20, 21, 22, 23, 24, 25, 26, 27, 28, 29, 30]
Val IDs:   [11, 12, 13, 14, 15]
================================================================================
SSL PRE-TRAINING PHASE
================================================================================
Loading SSL data for subjects: [1, 2, 3, 4, 5, 6, 7, 8, 9, 10, 16, 17, 18, 19, 20, 21, 22, 23, 24, 25, 26, 27, 28, 29, 30]
Loaded subject S1: (6580, 32, 128)
Loaded subject S2: (6580, 32, 128)
Loaded subject S3: (6580, 32, 128)
Loaded subject S4: (6580, 32, 128)
Loaded subject S5: (6580, 32, 128)
Loaded subject S6: (6580, 32, 128)
Loaded subject S7: (6580, 32, 128)
Loaded subject S8: (6580, 32, 128)
Loaded subject S9: (6580, 32, 128)
Loaded subject S10: (6580, 32, 128)
Loaded subject S16: (6580, 32, 128)
Loaded subject S17: (6580, 32, 128)
Loaded subject S18: (6580, 32, 128)
Loaded subject S19: (6580, 32, 128)
Loaded subject S20: (6580, 32, 128)
Loaded subject S21: (6580, 32, 128)
Loaded subject S22: (6580, 32, 128)
Loaded subject S23: (6580, 32, 128)
Loaded subject S24: (6580, 32, 128)
Loaded subject S25: (6580, 32, 128)
Loaded subject S26: (6580, 32, 128)
Loaded subject S27: (6580, 32, 128)
Loaded subject S28: (6580, 32, 128)
Loaded subject S29: (6580, 32, 128)
Loaded subject S30: (6580, 32, 128)
Total SSL data shape: (164500, 32, 128)
==================================================
Starting SSL Pre-training
==================================================
=================================================================
Layer (type:depth-idx)                   Param #
=================================================================
DARNet                                   --
├─TokenEmbedding: 1-1                    --
│    └─Sequential: 2-1                   --
│    │    └─Conv2d: 3-1                  576
│    │    └─BatchNorm2d: 3-2             128
│    │    └─GELU: 3-3                    --
│    └─Sequential: 2-2                   --
│    │    └─Conv2d: 3-4                  32,784
│    │    └─BatchNorm2d: 3-5             32
│    │    └─GELU: 3-6                    --
│    └─PositionalEmbedding: 2-3          --
├─EEGUNetDecoder: 1-2                    --
│    └─ConvTranspose1d: 2-4              1,568
│    └─BatchNorm1d: 2-5                  64
│    └─Conv1d: 2-6                       4,640
│    └─BatchNorm1d: 2-7                  64
│    └─ConvTranspose1d: 2-8              6,208
│    └─BatchNorm1d: 2-9                  128
│    └─Conv1d: 2-10                      405,568
│    └─BatchNorm1d: 2-11                 128
│    └─Conv1d: 2-12                      2,080
│    └─ReLU: 2-13                        --
│    └─Dropout: 2-14                     --
├─Flatten: 1-3                           --
├─Linear: 1-4                            18
├─AttnRefine: 1-5                        --
│    └─MyAttention: 2-15                 --
│    │    └─Attention: 3-7               800
│    └─Refine: 2-16                      --
│    │    └─Conv1d: 3-8                  784
│    │    └─BatchNorm1d: 3-9             32
│    │    └─ELU: 3-10                    --
│    │    └─MaxPool1d: 3-11              --
│    └─AdaptiveAvgPool1d: 2-17           --
│    └─Linear: 2-18                      68
│    └─Flatten: 2-19                     --
├─AttnRefine: 1-6                        --
│    └─MyAttention: 2-20                 --
│    │    └─Attention: 3-12              800
│    └─Refine: 2-21                      --
│    │    └─Conv1d: 3-13                 784
│    │    └─BatchNorm1d: 3-14            32
│    │    └─ELU: 3-15                    --
│    │    └─MaxPool1d: 3-16              --
│    └─AdaptiveAvgPool1d: 2-22           --
│    └─Linear: 2-23                      68
│    └─Flatten: 2-24                     --
=================================================================
Total params: 457,354
Trainable params: 457,354
Non-trainable params: 0
=================================================================
SSL Epoch  1 | SSL Loss: 0.135517
SSL model saved at epoch 1 with loss 0.135517 to ./exps/cross-subject/DARNet_SSL_UNet/ssl_models_task1_AAD_MM-AAD_original_ssl_2025-10-12-03-40-43/ssl_best_model.pt
SSL model saved with loss 0.135517
SSL Epoch  2 | SSL Loss: 0.109805
SSL model saved at epoch 2 with loss 0.109805 to ./exps/cross-subject/DARNet_SSL_UNet/ssl_models_task1_AAD_MM-AAD_original_ssl_2025-10-12-03-40-43/ssl_best_model.pt
SSL model saved with loss 0.109805
SSL Epoch  3 | SSL Loss: 0.104363
SSL model saved at epoch 3 with loss 0.104363 to ./exps/cross-subject/DARNet_SSL_UNet/ssl_models_task1_AAD_MM-AAD_original_ssl_2025-10-12-03-40-43/ssl_best_model.pt
SSL model saved with loss 0.104363
SSL Epoch  4 | SSL Loss: 0.100764
SSL model saved at epoch 4 with loss 0.100764 to ./exps/cross-subject/DARNet_SSL_UNet/ssl_models_task1_AAD_MM-AAD_original_ssl_2025-10-12-03-40-43/ssl_best_model.pt
SSL model saved with loss 0.100764
SSL Epoch  5 | SSL Loss: 0.098412
SSL model saved at epoch 5 with loss 0.098412 to ./exps/cross-subject/DARNet_SSL_UNet/ssl_models_task1_AAD_MM-AAD_original_ssl_2025-10-12-03-40-43/ssl_best_model.pt
SSL model saved with loss 0.098412
SSL Epoch  6 | SSL Loss: 0.096074
SSL model saved at epoch 6 with loss 0.096074 to ./exps/cross-subject/DARNet_SSL_UNet/ssl_models_task1_AAD_MM-AAD_original_ssl_2025-10-12-03-40-43/ssl_best_model.pt
SSL model saved with loss 0.096074
SSL Epoch  7 | SSL Loss: 0.094248
SSL model saved at epoch 7 with loss 0.094248 to ./exps/cross-subject/DARNet_SSL_UNet/ssl_models_task1_AAD_MM-AAD_original_ssl_2025-10-12-03-40-43/ssl_best_model.pt
SSL model saved with loss 0.094248
SSL Epoch  8 | SSL Loss: 0.093043
SSL model saved at epoch 8 with loss 0.093043 to ./exps/cross-subject/DARNet_SSL_UNet/ssl_models_task1_AAD_MM-AAD_original_ssl_2025-10-12-03-40-43/ssl_best_model.pt
SSL model saved with loss 0.093043
SSL Epoch  9 | SSL Loss: 0.092099
SSL model saved at epoch 9 with loss 0.092099 to ./exps/cross-subject/DARNet_SSL_UNet/ssl_models_task1_AAD_MM-AAD_original_ssl_2025-10-12-03-40-43/ssl_best_model.pt
SSL model saved with loss 0.092099
SSL Epoch 10 | SSL Loss: 0.091333
SSL model saved at epoch 10 with loss 0.091333 to ./exps/cross-subject/DARNet_SSL_UNet/ssl_models_task1_AAD_MM-AAD_original_ssl_2025-10-12-03-40-43/ssl_best_model.pt
SSL model saved with loss 0.091333
SSL Epoch 11 | SSL Loss: 0.090524
SSL model saved at epoch 11 with loss 0.090524 to ./exps/cross-subject/DARNet_SSL_UNet/ssl_models_task1_AAD_MM-AAD_original_ssl_2025-10-12-03-40-43/ssl_best_model.pt
SSL model saved with loss 0.090524
SSL Epoch 12 | SSL Loss: 0.089959
SSL model saved at epoch 12 with loss 0.089959 to ./exps/cross-subject/DARNet_SSL_UNet/ssl_models_task1_AAD_MM-AAD_original_ssl_2025-10-12-03-40-43/ssl_best_model.pt
SSL model saved with loss 0.089959
SSL Epoch 13 | SSL Loss: 0.089059
SSL model saved at epoch 13 with loss 0.089059 to ./exps/cross-subject/DARNet_SSL_UNet/ssl_models_task1_AAD_MM-AAD_original_ssl_2025-10-12-03-40-43/ssl_best_model.pt
SSL model saved with loss 0.089059
SSL Epoch 14 | SSL Loss: 0.088367
SSL model saved at epoch 14 with loss 0.088367 to ./exps/cross-subject/DARNet_SSL_UNet/ssl_models_task1_AAD_MM-AAD_original_ssl_2025-10-12-03-40-43/ssl_best_model.pt
SSL model saved with loss 0.088367
SSL Epoch 15 | SSL Loss: 0.087682
SSL model saved at epoch 15 with loss 0.087682 to ./exps/cross-subject/DARNet_SSL_UNet/ssl_models_task1_AAD_MM-AAD_original_ssl_2025-10-12-03-40-43/ssl_best_model.pt
SSL model saved with loss 0.087682
SSL Epoch 16 | SSL Loss: 0.087020
SSL model saved at epoch 16 with loss 0.087020 to ./exps/cross-subject/DARNet_SSL_UNet/ssl_models_task1_AAD_MM-AAD_original_ssl_2025-10-12-03-40-43/ssl_best_model.pt
SSL model saved with loss 0.087020
SSL Epoch 17 | SSL Loss: 0.086531
SSL model saved at epoch 17 with loss 0.086531 to ./exps/cross-subject/DARNet_SSL_UNet/ssl_models_task1_AAD_MM-AAD_original_ssl_2025-10-12-03-40-43/ssl_best_model.pt
SSL model saved with loss 0.086531
SSL Epoch 18 | SSL Loss: 0.086101
SSL model saved at epoch 18 with loss 0.086101 to ./exps/cross-subject/DARNet_SSL_UNet/ssl_models_task1_AAD_MM-AAD_original_ssl_2025-10-12-03-40-43/ssl_best_model.pt
SSL model saved with loss 0.086101
SSL Epoch 19 | SSL Loss: 0.085545
SSL model saved at epoch 19 with loss 0.085545 to ./exps/cross-subject/DARNet_SSL_UNet/ssl_models_task1_AAD_MM-AAD_original_ssl_2025-10-12-03-40-43/ssl_best_model.pt
SSL model saved with loss 0.085545
SSL Epoch 20 | SSL Loss: 0.084950
SSL model saved at epoch 20 with loss 0.084950 to ./exps/cross-subject/DARNet_SSL_UNet/ssl_models_task1_AAD_MM-AAD_original_ssl_2025-10-12-03-40-43/ssl_best_model.pt
SSL model saved with loss 0.084950
SSL Epoch 21 | SSL Loss: 0.084522
SSL model saved at epoch 21 with loss 0.084522 to ./exps/cross-subject/DARNet_SSL_UNet/ssl_models_task1_AAD_MM-AAD_original_ssl_2025-10-12-03-40-43/ssl_best_model.pt
SSL model saved with loss 0.084522
SSL Epoch 22 | SSL Loss: 0.084373
SSL model saved at epoch 22 with loss 0.084373 to ./exps/cross-subject/DARNet_SSL_UNet/ssl_models_task1_AAD_MM-AAD_original_ssl_2025-10-12-03-40-43/ssl_best_model.pt
SSL model saved with loss 0.084373
SSL Epoch 23 | SSL Loss: 0.083820
SSL model saved at epoch 23 with loss 0.083820 to ./exps/cross-subject/DARNet_SSL_UNet/ssl_models_task1_AAD_MM-AAD_original_ssl_2025-10-12-03-40-43/ssl_best_model.pt
SSL model saved with loss 0.083820
SSL Epoch 24 | SSL Loss: 0.083291
SSL model saved at epoch 24 with loss 0.083291 to ./exps/cross-subject/DARNet_SSL_UNet/ssl_models_task1_AAD_MM-AAD_original_ssl_2025-10-12-03-40-43/ssl_best_model.pt
SSL model saved with loss 0.083291
SSL Epoch 25 | SSL Loss: 0.083050
SSL model saved at epoch 25 with loss 0.083050 to ./exps/cross-subject/DARNet_SSL_UNet/ssl_models_task1_AAD_MM-AAD_original_ssl_2025-10-12-03-40-43/ssl_best_model.pt
SSL model saved with loss 0.083050
SSL Epoch 26 | SSL Loss: 0.082491
SSL model saved at epoch 26 with loss 0.082491 to ./exps/cross-subject/DARNet_SSL_UNet/ssl_models_task1_AAD_MM-AAD_original_ssl_2025-10-12-03-40-43/ssl_best_model.pt
SSL model saved with loss 0.082491
SSL Epoch 27 | SSL Loss: 0.082280
SSL model saved at epoch 27 with loss 0.082280 to ./exps/cross-subject/DARNet_SSL_UNet/ssl_models_task1_AAD_MM-AAD_original_ssl_2025-10-12-03-40-43/ssl_best_model.pt
SSL model saved with loss 0.082280
SSL Epoch 28 | SSL Loss: 0.082196
SSL model saved at epoch 28 with loss 0.082196 to ./exps/cross-subject/DARNet_SSL_UNet/ssl_models_task1_AAD_MM-AAD_original_ssl_2025-10-12-03-40-43/ssl_best_model.pt
SSL model saved with loss 0.082196
SSL Epoch 29 | SSL Loss: 0.081574
SSL model saved at epoch 29 with loss 0.081574 to ./exps/cross-subject/DARNet_SSL_UNet/ssl_models_task1_AAD_MM-AAD_original_ssl_2025-10-12-03-40-43/ssl_best_model.pt
SSL model saved with loss 0.081574
SSL Epoch 30 | SSL Loss: 0.081452
SSL model saved at epoch 30 with loss 0.081452 to ./exps/cross-subject/DARNet_SSL_UNet/ssl_models_task1_AAD_MM-AAD_original_ssl_2025-10-12-03-40-43/ssl_best_model.pt
SSL model saved with loss 0.081452
==================================================
SSL Pre-training completed. Best loss: 0.081452
==================================================
train_data_shape(164500, 32, 128),val_data_shape(32900, 32, 128)
Loaded SSL pre-trained weights from ./exps/cross-subject/DARNet_SSL_UNet/ssl_models_task1_AAD_MM-AAD_original_ssl_2025-10-12-03-40-43/ssl_best_model.pt
==================================================
Starting Fine-tuning
==================================================
=================================================================
Layer (type:depth-idx)                   Param #
=================================================================
DARNet                                   --
├─TokenEmbedding: 1-1                    --
│    └─Sequential: 2-1                   --
│    │    └─Conv2d: 3-1                  576
│    │    └─BatchNorm2d: 3-2             128
│    │    └─GELU: 3-3                    --
│    └─Sequential: 2-2                   --
│    │    └─Conv2d: 3-4                  32,784
│    │    └─BatchNorm2d: 3-5             32
│    │    └─GELU: 3-6                    --
│    └─PositionalEmbedding: 2-3          --
├─EEGUNetDecoder: 1-2                    --
│    └─ConvTranspose1d: 2-4              1,568
│    └─BatchNorm1d: 2-5                  64
│    └─Conv1d: 2-6                       4,640
│    └─BatchNorm1d: 2-7                  64
│    └─ConvTranspose1d: 2-8              6,208
│    └─BatchNorm1d: 2-9                  128
│    └─Conv1d: 2-10                      405,568
│    └─BatchNorm1d: 2-11                 128
│    └─Conv1d: 2-12                      2,080
│    └─ReLU: 2-13                        --
│    └─Dropout: 2-14                     --
├─Flatten: 1-3                           --
├─Linear: 1-4                            18
├─AttnRefine: 1-5                        --
│    └─MyAttention: 2-15                 --
│    │    └─Attention: 3-7               800
│    └─Refine: 2-16                      --
│    │    └─Conv1d: 3-8                  784
│    │    └─BatchNorm1d: 3-9             32
│    │    └─ELU: 3-10                    --
│    │    └─MaxPool1d: 3-11              --
│    └─AdaptiveAvgPool1d: 2-17           --
│    └─Linear: 2-18                      68
│    └─Flatten: 2-19                     --
├─AttnRefine: 1-6                        --
│    └─MyAttention: 2-20                 --
│    │    └─Attention: 3-12              800
│    └─Refine: 2-21                      --
│    │    └─Conv1d: 3-13                 784
│    │    └─BatchNorm1d: 3-14            32
│    │    └─ELU: 3-15                    --
│    │    └─MaxPool1d: 3-16              --
│    └─AdaptiveAvgPool1d: 2-22           --
│    └─Linear: 2-23                      68
│    └─Flatten: 2-24                     --
=================================================================
Total params: 457,354
Trainable params: 457,354
Non-trainable params: 0
=================================================================
TestSub: S[11, 12, 13, 14, 15] Epoch  1 Finsh | Now_lr 0.0005/0.0005|Train Loss 0.5953 | Valid Loss 1.1660 | Train Acc 64.6723| Valid Acc 48.5226
Validation acc increase (0.000000 --> 48.522617) in epoch (1).  Saving model ...
TestSub: S[11, 12, 13, 14, 15] Epoch  2 Finsh | Now_lr 0.0005/0.0005|Train Loss 0.4224 | Valid Loss 1.2888 | Train Acc 79.2504| Valid Acc 51.9090
Validation acc increase (48.522617 --> 51.909047) in epoch (2).  Saving model ...
TestSub: S[11, 12, 13, 14, 15] Epoch  3 Finsh | Now_lr 0.0005/0.0005|Train Loss 0.3401 | Valid Loss 1.7626 | Train Acc 84.3464| Valid Acc 49.0394
TestSub: S[11, 12, 13, 14, 15] Epoch  4 Finsh | Now_lr 0.0005/0.0005|Train Loss 0.2882 | Valid Loss 1.9640 | Train Acc 87.1997| Valid Acc 48.0575
TestSub: S[11, 12, 13, 14, 15] Epoch  5 Finsh | Now_lr 0.0005/0.0005|Train Loss 0.2466 | Valid Loss 2.2360 | Train Acc 89.3695| Valid Acc 48.7415
TestSub: S[11, 12, 13, 14, 15] Epoch  6 Finsh | Now_lr 0.0005/0.0005|Train Loss 0.2152 | Valid Loss 2.2561 | Train Acc 91.0178| Valid Acc 50.5441
TestSub: S[11, 12, 13, 14, 15] Epoch  7 Finsh | Now_lr 0.0005/0.0005|Train Loss 0.1922 | Valid Loss 2.3528 | Train Acc 92.0331| Valid Acc 50.0638
TestSub: S[11, 12, 13, 14, 15] Epoch  8 Finsh | Now_lr 0.0005/0.0005|Train Loss 0.1697 | Valid Loss 2.3112 | Train Acc 93.1603| Valid Acc 52.1522
Validation acc increase (51.909047 --> 52.152237) in epoch (8).  Saving model ...
TestSub: S[11, 12, 13, 14, 15] Epoch  9 Finsh | Now_lr 0.0005/0.0005|Train Loss 0.1527 | Valid Loss 2.4588 | Train Acc 93.8813| Valid Acc 51.8330
TestSub: S[11, 12, 13, 14, 15] Epoch 10 Finsh | Now_lr 0.0005/0.0005|Train Loss 0.1356 | Valid Loss 2.5640 | Train Acc 94.7605| Valid Acc 52.3772
Validation acc increase (52.152237 --> 52.377189) in epoch (10).  Saving model ...
TestSub: S[11, 12, 13, 14, 15] Epoch 11 Finsh | Now_lr 0.0005/0.0005|Train Loss 0.1238 | Valid Loss 2.5937 | Train Acc 95.2681| Valid Acc 50.5624
TestSub: S[11, 12, 13, 14, 15] Epoch 12 Finsh | Now_lr 0.0005/0.0005|Train Loss 0.1101 | Valid Loss 2.8308 | Train Acc 95.8518| Valid Acc 50.2766
TestSub: S[11, 12, 13, 14, 15] Epoch 13 Finsh | Now_lr 0.0005/0.0005|Train Loss 0.1003 | Valid Loss 2.8622 | Train Acc 96.2725| Valid Acc 50.2189
TestSub: S[11, 12, 13, 14, 15] Epoch 14 Finsh | Now_lr 0.0005/0.0005|Train Loss 0.0920 | Valid Loss 2.9101 | Train Acc 96.5899| Valid Acc 51.2251
TestSub: S[11, 12, 13, 14, 15] Epoch 15 Finsh | Now_lr 0.0005/0.0005|Train Loss 0.0852 | Valid Loss 2.9250 | Train Acc 96.8720| Valid Acc 50.9332
TestSub: S[11, 12, 13, 14, 15] Epoch 16 Finsh | Now_lr 0.0005/0.0005|Train Loss 0.0783 | Valid Loss 3.1688 | Train Acc 97.1431| Valid Acc 49.9331
TestSub: S[11, 12, 13, 14, 15] Epoch 17 Finsh | Now_lr 0.0005/0.0005|Train Loss 0.0730 | Valid Loss 2.9303 | Train Acc 97.3705| Valid Acc 50.4195
TestSub: S[11, 12, 13, 14, 15] Epoch 18 Finsh | Now_lr 0.0005/0.0005|Train Loss 0.0698 | Valid Loss 3.1551 | Train Acc 97.5055| Valid Acc 48.4375
TestSub: S[11, 12, 13, 14, 15] Epoch 19 Finsh | Now_lr 0.0005/0.0005|Train Loss 0.0654 | Valid Loss 3.1872 | Train Acc 97.6234| Valid Acc 49.1944
TestSub: S[11, 12, 13, 14, 15] Epoch 20 Finsh | Now_lr 0.0005/0.0005|Train Loss 0.0609 | Valid Loss 3.1833 | Train Acc 97.8453| Valid Acc 48.4253
TestSub: S[11, 12, 13, 14, 15] Epoch 21 Finsh | Now_lr 0.0005/0.0005|Train Loss 0.0591 | Valid Loss 3.2495 | Train Acc 97.8696| Valid Acc 48.8053
TestSub: S[11, 12, 13, 14, 15] Epoch 22 Finsh | Now_lr 0.0005/0.0005|Train Loss 0.0539 | Valid Loss 3.3168 | Train Acc 98.1013| Valid Acc 48.6777
TestSub: S[11, 12, 13, 14, 15] Epoch 23 Finsh | Now_lr 0.0005/0.0005|Train Loss 0.0525 | Valid Loss 3.6621 | Train Acc 98.1590| Valid Acc 47.9785
TestSub: S[11, 12, 13, 14, 15] Epoch 24 Finsh | Now_lr 0.0005/0.0005|Train Loss 0.0500 | Valid Loss 3.3514 | Train Acc 98.1761| Valid Acc 47.7778
TestSub: S[11, 12, 13, 14, 15] Epoch 25 Finsh | Now_lr 0.0005/0.0005|Train Loss 0.0480 | Valid Loss 3.5610 | Train Acc 98.2764| Valid Acc 46.5133
TestSub: S[11, 12, 13, 14, 15] Epoch 26 Finsh | Now_lr 0.0005/0.0005|Train Loss 0.0447 | Valid Loss 3.4913 | Train Acc 98.4126| Valid Acc 47.0483
TestSub: S[11, 12, 13, 14, 15] Epoch 27 Finsh | Now_lr 0.0005/0.0005|Train Loss 0.0431 | Valid Loss 3.5240 | Train Acc 98.4843| Valid Acc 48.2794
TestSub: S[11, 12, 13, 14, 15] Epoch 28 Finsh | Now_lr 0.0005/0.0005|Train Loss 0.0419 | Valid Loss 3.6757 | Train Acc 98.5220| Valid Acc 47.9998
TestSub: S[11, 12, 13, 14, 15] Epoch 29 Finsh | Now_lr 0.0005/0.0005|Train Loss 0.0407 | Valid Loss 3.7189 | Train Acc 98.5992| Valid Acc 47.2671
TestSub: S[11, 12, 13, 14, 15] Epoch 30 Finsh | Now_lr 0.0005/0.0005|Train Loss 0.0386 | Valid Loss 3.7103 | Train Acc 98.6497| Valid Acc 47.0848
TestSub: S[11, 12, 13, 14, 15] Epoch 31 Finsh | Now_lr 0.0005/0.0005|Train Loss 0.0374 | Valid Loss 3.8900 | Train Acc 98.6758| Valid Acc 46.6956
TestSub: S[11, 12, 13, 14, 15] Epoch 32 Finsh | Now_lr 0.0005/0.0005|Train Loss 0.0349 | Valid Loss 3.8760 | Train Acc 98.7859| Valid Acc 47.8265
TestSub: S[11, 12, 13, 14, 15] Epoch 33 Finsh | Now_lr 0.0005/0.0005|Train Loss 0.0330 | Valid Loss 3.8922 | Train Acc 98.8643| Valid Acc 46.5497
TestSub: S[11, 12, 13, 14, 15] Epoch 34 Finsh | Now_lr 0.0005/0.0005|Train Loss 0.0334 | Valid Loss 3.6684 | Train Acc 98.8394| Valid Acc 47.7687
TestSub: S[11, 12, 13, 14, 15] Epoch 35 Finsh | Now_lr 0.0005/0.0005|Train Loss 0.0326 | Valid Loss 3.7198 | Train Acc 98.8388| Valid Acc 48.1852
TestSub: S[11, 12, 13, 14, 15] Epoch 36 Finsh | Now_lr 0.0005/0.0005|Train Loss 0.0307 | Valid Loss 3.8864 | Train Acc 98.9324| Valid Acc 46.9936
TestSub: S[11, 12, 13, 14, 15] Epoch 37 Finsh | Now_lr 0.0005/0.0005|Train Loss 0.0298 | Valid Loss 3.8980 | Train Acc 98.9768| Valid Acc 47.8204
TestSub: S[11, 12, 13, 14, 15] Epoch 38 Finsh | Now_lr 0.0005/0.0005|Train Loss 0.0293 | Valid Loss 4.0723 | Train Acc 99.0017| Valid Acc 46.9632
TestSub: S[11, 12, 13, 14, 15] Epoch 39 Finsh | Now_lr 0.0005/0.0005|Train Loss 0.0281 | Valid Loss 3.9816 | Train Acc 99.0169| Valid Acc 46.1089
TestSub: S[11, 12, 13, 14, 15] Epoch 40 Finsh | Now_lr 0.0005/0.0005|Train Loss 0.0267 | Valid Loss 4.3378 | Train Acc 99.0734| Valid Acc 46.9054
Early stopping triggered after 40 epochs (30 epochs without improvement)
--------------------------------------------------
Test_Subject :S[11, 12, 13, 14, 15] |Best epoch:10 | Test Loss:2.5640 | Best Acc 52.3772 | Savemodel Acc 52.3772
--------------------------------------------------

========== Fold 4 ==========
Train IDs: [1, 2, 3, 4, 5, 6, 7, 8, 9, 10, 11, 12, 13, 14, 15, 21, 22, 23, 24, 25, 26, 27, 28, 29, 30]
Val IDs:   [16, 17, 18, 19, 20]
================================================================================
SSL PRE-TRAINING PHASE
================================================================================
Loading SSL data for subjects: [1, 2, 3, 4, 5, 6, 7, 8, 9, 10, 11, 12, 13, 14, 15, 21, 22, 23, 24, 25, 26, 27, 28, 29, 30]
Loaded subject S1: (6580, 32, 128)
Loaded subject S2: (6580, 32, 128)
Loaded subject S3: (6580, 32, 128)
Loaded subject S4: (6580, 32, 128)
Loaded subject S5: (6580, 32, 128)
Loaded subject S6: (6580, 32, 128)
Loaded subject S7: (6580, 32, 128)
Loaded subject S8: (6580, 32, 128)
Loaded subject S9: (6580, 32, 128)
Loaded subject S10: (6580, 32, 128)
Loaded subject S11: (6580, 32, 128)
Loaded subject S12: (6580, 32, 128)
Loaded subject S13: (6580, 32, 128)
Loaded subject S14: (6580, 32, 128)
Loaded subject S15: (6580, 32, 128)
Loaded subject S21: (6580, 32, 128)
Loaded subject S22: (6580, 32, 128)
Loaded subject S23: (6580, 32, 128)
Loaded subject S24: (6580, 32, 128)
Loaded subject S25: (6580, 32, 128)
Loaded subject S26: (6580, 32, 128)
Loaded subject S27: (6580, 32, 128)
Loaded subject S28: (6580, 32, 128)
Loaded subject S29: (6580, 32, 128)
Loaded subject S30: (6580, 32, 128)
Total SSL data shape: (164500, 32, 128)
==================================================
Starting SSL Pre-training
==================================================
=================================================================
Layer (type:depth-idx)                   Param #
=================================================================
DARNet                                   --
├─TokenEmbedding: 1-1                    --
│    └─Sequential: 2-1                   --
│    │    └─Conv2d: 3-1                  576
│    │    └─BatchNorm2d: 3-2             128
│    │    └─GELU: 3-3                    --
│    └─Sequential: 2-2                   --
│    │    └─Conv2d: 3-4                  32,784
│    │    └─BatchNorm2d: 3-5             32
│    │    └─GELU: 3-6                    --
│    └─PositionalEmbedding: 2-3          --
├─EEGUNetDecoder: 1-2                    --
│    └─ConvTranspose1d: 2-4              1,568
│    └─BatchNorm1d: 2-5                  64
│    └─Conv1d: 2-6                       4,640
│    └─BatchNorm1d: 2-7                  64
│    └─ConvTranspose1d: 2-8              6,208
│    └─BatchNorm1d: 2-9                  128
│    └─Conv1d: 2-10                      405,568
│    └─BatchNorm1d: 2-11                 128
│    └─Conv1d: 2-12                      2,080
│    └─ReLU: 2-13                        --
│    └─Dropout: 2-14                     --
├─Flatten: 1-3                           --
├─Linear: 1-4                            18
├─AttnRefine: 1-5                        --
│    └─MyAttention: 2-15                 --
│    │    └─Attention: 3-7               800
│    └─Refine: 2-16                      --
│    │    └─Conv1d: 3-8                  784
│    │    └─BatchNorm1d: 3-9             32
│    │    └─ELU: 3-10                    --
│    │    └─MaxPool1d: 3-11              --
│    └─AdaptiveAvgPool1d: 2-17           --
│    └─Linear: 2-18                      68
│    └─Flatten: 2-19                     --
├─AttnRefine: 1-6                        --
│    └─MyAttention: 2-20                 --
│    │    └─Attention: 3-12              800
│    └─Refine: 2-21                      --
│    │    └─Conv1d: 3-13                 784
│    │    └─BatchNorm1d: 3-14            32
│    │    └─ELU: 3-15                    --
│    │    └─MaxPool1d: 3-16              --
│    └─AdaptiveAvgPool1d: 2-22           --
│    └─Linear: 2-23                      68
│    └─Flatten: 2-24                     --
=================================================================
Total params: 457,354
Trainable params: 457,354
Non-trainable params: 0
=================================================================
SSL Epoch  1 | SSL Loss: 0.139583
SSL model saved at epoch 1 with loss 0.139583 to ./exps/cross-subject/DARNet_SSL_UNet/ssl_models_task1_AAD_MM-AAD_original_ssl_2025-10-12-03-40-43/ssl_best_model.pt
SSL model saved with loss 0.139583
SSL Epoch  2 | SSL Loss: 0.113783
SSL model saved at epoch 2 with loss 0.113783 to ./exps/cross-subject/DARNet_SSL_UNet/ssl_models_task1_AAD_MM-AAD_original_ssl_2025-10-12-03-40-43/ssl_best_model.pt
SSL model saved with loss 0.113783
SSL Epoch  3 | SSL Loss: 0.107397
SSL model saved at epoch 3 with loss 0.107397 to ./exps/cross-subject/DARNet_SSL_UNet/ssl_models_task1_AAD_MM-AAD_original_ssl_2025-10-12-03-40-43/ssl_best_model.pt
SSL model saved with loss 0.107397
SSL Epoch  4 | SSL Loss: 0.102792
SSL model saved at epoch 4 with loss 0.102792 to ./exps/cross-subject/DARNet_SSL_UNet/ssl_models_task1_AAD_MM-AAD_original_ssl_2025-10-12-03-40-43/ssl_best_model.pt
SSL model saved with loss 0.102792
SSL Epoch  5 | SSL Loss: 0.100623
SSL model saved at epoch 5 with loss 0.100623 to ./exps/cross-subject/DARNet_SSL_UNet/ssl_models_task1_AAD_MM-AAD_original_ssl_2025-10-12-03-40-43/ssl_best_model.pt
SSL model saved with loss 0.100623
SSL Epoch  6 | SSL Loss: 0.099172
SSL model saved at epoch 6 with loss 0.099172 to ./exps/cross-subject/DARNet_SSL_UNet/ssl_models_task1_AAD_MM-AAD_original_ssl_2025-10-12-03-40-43/ssl_best_model.pt
SSL model saved with loss 0.099172
SSL Epoch  7 | SSL Loss: 0.097279
SSL model saved at epoch 7 with loss 0.097279 to ./exps/cross-subject/DARNet_SSL_UNet/ssl_models_task1_AAD_MM-AAD_original_ssl_2025-10-12-03-40-43/ssl_best_model.pt
SSL model saved with loss 0.097279
SSL Epoch  8 | SSL Loss: 0.096183
SSL model saved at epoch 8 with loss 0.096183 to ./exps/cross-subject/DARNet_SSL_UNet/ssl_models_task1_AAD_MM-AAD_original_ssl_2025-10-12-03-40-43/ssl_best_model.pt
SSL model saved with loss 0.096183
SSL Epoch  9 | SSL Loss: 0.094993
SSL model saved at epoch 9 with loss 0.094993 to ./exps/cross-subject/DARNet_SSL_UNet/ssl_models_task1_AAD_MM-AAD_original_ssl_2025-10-12-03-40-43/ssl_best_model.pt
SSL model saved with loss 0.094993
SSL Epoch 10 | SSL Loss: 0.095373
SSL Epoch 11 | SSL Loss: 0.093822
SSL model saved at epoch 11 with loss 0.093822 to ./exps/cross-subject/DARNet_SSL_UNet/ssl_models_task1_AAD_MM-AAD_original_ssl_2025-10-12-03-40-43/ssl_best_model.pt
SSL model saved with loss 0.093822
SSL Epoch 12 | SSL Loss: 0.093308
SSL model saved at epoch 12 with loss 0.093308 to ./exps/cross-subject/DARNet_SSL_UNet/ssl_models_task1_AAD_MM-AAD_original_ssl_2025-10-12-03-40-43/ssl_best_model.pt
SSL model saved with loss 0.093308
SSL Epoch 13 | SSL Loss: 0.092467
SSL model saved at epoch 13 with loss 0.092467 to ./exps/cross-subject/DARNet_SSL_UNet/ssl_models_task1_AAD_MM-AAD_original_ssl_2025-10-12-03-40-43/ssl_best_model.pt
SSL model saved with loss 0.092467
SSL Epoch 14 | SSL Loss: 0.091462
SSL model saved at epoch 14 with loss 0.091462 to ./exps/cross-subject/DARNet_SSL_UNet/ssl_models_task1_AAD_MM-AAD_original_ssl_2025-10-12-03-40-43/ssl_best_model.pt
SSL model saved with loss 0.091462
SSL Epoch 15 | SSL Loss: 0.090995
SSL model saved at epoch 15 with loss 0.090995 to ./exps/cross-subject/DARNet_SSL_UNet/ssl_models_task1_AAD_MM-AAD_original_ssl_2025-10-12-03-40-43/ssl_best_model.pt
SSL model saved with loss 0.090995
SSL Epoch 16 | SSL Loss: 0.090396
SSL model saved at epoch 16 with loss 0.090396 to ./exps/cross-subject/DARNet_SSL_UNet/ssl_models_task1_AAD_MM-AAD_original_ssl_2025-10-12-03-40-43/ssl_best_model.pt
SSL model saved with loss 0.090396
SSL Epoch 17 | SSL Loss: 0.090277
SSL model saved at epoch 17 with loss 0.090277 to ./exps/cross-subject/DARNet_SSL_UNet/ssl_models_task1_AAD_MM-AAD_original_ssl_2025-10-12-03-40-43/ssl_best_model.pt
SSL model saved with loss 0.090277
SSL Epoch 18 | SSL Loss: 0.089765
SSL model saved at epoch 18 with loss 0.089765 to ./exps/cross-subject/DARNet_SSL_UNet/ssl_models_task1_AAD_MM-AAD_original_ssl_2025-10-12-03-40-43/ssl_best_model.pt
SSL model saved with loss 0.089765
SSL Epoch 19 | SSL Loss: 0.088877
SSL model saved at epoch 19 with loss 0.088877 to ./exps/cross-subject/DARNet_SSL_UNet/ssl_models_task1_AAD_MM-AAD_original_ssl_2025-10-12-03-40-43/ssl_best_model.pt
SSL model saved with loss 0.088877
SSL Epoch 20 | SSL Loss: 0.088541
SSL model saved at epoch 20 with loss 0.088541 to ./exps/cross-subject/DARNet_SSL_UNet/ssl_models_task1_AAD_MM-AAD_original_ssl_2025-10-12-03-40-43/ssl_best_model.pt
SSL model saved with loss 0.088541
SSL Epoch 21 | SSL Loss: 0.088062
SSL model saved at epoch 21 with loss 0.088062 to ./exps/cross-subject/DARNet_SSL_UNet/ssl_models_task1_AAD_MM-AAD_original_ssl_2025-10-12-03-40-43/ssl_best_model.pt
SSL model saved with loss 0.088062
SSL Epoch 22 | SSL Loss: 0.087626
SSL model saved at epoch 22 with loss 0.087626 to ./exps/cross-subject/DARNet_SSL_UNet/ssl_models_task1_AAD_MM-AAD_original_ssl_2025-10-12-03-40-43/ssl_best_model.pt
SSL model saved with loss 0.087626
SSL Epoch 23 | SSL Loss: 0.087322
SSL model saved at epoch 23 with loss 0.087322 to ./exps/cross-subject/DARNet_SSL_UNet/ssl_models_task1_AAD_MM-AAD_original_ssl_2025-10-12-03-40-43/ssl_best_model.pt
SSL model saved with loss 0.087322
SSL Epoch 24 | SSL Loss: 0.086428
SSL model saved at epoch 24 with loss 0.086428 to ./exps/cross-subject/DARNet_SSL_UNet/ssl_models_task1_AAD_MM-AAD_original_ssl_2025-10-12-03-40-43/ssl_best_model.pt
SSL model saved with loss 0.086428
SSL Epoch 25 | SSL Loss: 0.086516
SSL Epoch 26 | SSL Loss: 0.086251
SSL model saved at epoch 26 with loss 0.086251 to ./exps/cross-subject/DARNet_SSL_UNet/ssl_models_task1_AAD_MM-AAD_original_ssl_2025-10-12-03-40-43/ssl_best_model.pt
SSL model saved with loss 0.086251
SSL Epoch 27 | SSL Loss: 0.085460
SSL model saved at epoch 27 with loss 0.085460 to ./exps/cross-subject/DARNet_SSL_UNet/ssl_models_task1_AAD_MM-AAD_original_ssl_2025-10-12-03-40-43/ssl_best_model.pt
SSL model saved with loss 0.085460
